Archive member included to satisfy reference by file (symbol)

f:/environment/gnu arm embedded toolchain/10 2021.10/bin/../lib/gcc/arm-none-eabi/10.3.1/thumb/v7-m/nofp\libgcc.a(_arm_mulsf3.o)
                              CMakeFiles/stepping_motor.elf.dir/Core/Src/bsp_pid.c.obj (__aeabi_fmul)
f:/environment/gnu arm embedded toolchain/10 2021.10/bin/../lib/gcc/arm-none-eabi/10.3.1/thumb/v7-m/nofp\libgcc.a(_arm_addsubsf3.o)
                              CMakeFiles/stepping_motor.elf.dir/Core/Src/bsp_pid.c.obj (__aeabi_fsub)
f:/environment/gnu arm embedded toolchain/10 2021.10/bin/../lib/gcc/arm-none-eabi/10.3.1/thumb/v7-m/nofp\libgcc.a(_arm_cmpsf2.o)
                              CMakeFiles/stepping_motor.elf.dir/Core/Src/bsp_pid.c.obj (__aeabi_fcmplt)
f:/environment/gnu arm embedded toolchain/10 2021.10/bin/../lib/gcc/arm-none-eabi/10.3.1/thumb/v7-m/nofp\libgcc.a(_arm_fixunssfsi.o)
                              CMakeFiles/stepping_motor.elf.dir/Core/Src/s_speed_control.c.obj (__aeabi_f2uiz)
f:/environment/gnu arm embedded toolchain/10 2021.10/bin/../lib/gcc/arm-none-eabi/10.3.1/../../../../arm-none-eabi/lib/thumb/v7-m/nofp\libg.a(lib_a-errno.o)
                              CMakeFiles/stepping_motor.elf.dir/Core/Src/retarget.c.obj (__errno)
f:/environment/gnu arm embedded toolchain/10 2021.10/bin/../lib/gcc/arm-none-eabi/10.3.1/../../../../arm-none-eabi/lib/thumb/v7-m/nofp\libg.a(lib_a-exit.o)
                              f:/environment/gnu arm embedded toolchain/10 2021.10/bin/../lib/gcc/arm-none-eabi/10.3.1/../../../../arm-none-eabi/lib/thumb/v7-m/nofp/crt0.o (exit)
f:/environment/gnu arm embedded toolchain/10 2021.10/bin/../lib/gcc/arm-none-eabi/10.3.1/../../../../arm-none-eabi/lib/thumb/v7-m/nofp\libg.a(lib_a-impure.o)
                              f:/environment/gnu arm embedded toolchain/10 2021.10/bin/../lib/gcc/arm-none-eabi/10.3.1/../../../../arm-none-eabi/lib/thumb/v7-m/nofp\libg.a(lib_a-exit.o) (_global_impure_ptr)
f:/environment/gnu arm embedded toolchain/10 2021.10/bin/../lib/gcc/arm-none-eabi/10.3.1/../../../../arm-none-eabi/lib/thumb/v7-m/nofp\libg.a(lib_a-init.o)
                              f:/environment/gnu arm embedded toolchain/10 2021.10/bin/../lib/gcc/arm-none-eabi/10.3.1/../../../../arm-none-eabi/lib/thumb/v7-m/nofp/crt0.o (__libc_init_array)
f:/environment/gnu arm embedded toolchain/10 2021.10/bin/../lib/gcc/arm-none-eabi/10.3.1/../../../../arm-none-eabi/lib/thumb/v7-m/nofp\libg.a(lib_a-memcpy.o)
                              CMakeFiles/stepping_motor.elf.dir/Core/Src/stepping_motor.c.obj (memcpy)
f:/environment/gnu arm embedded toolchain/10 2021.10/bin/../lib/gcc/arm-none-eabi/10.3.1/../../../../arm-none-eabi/lib/thumb/v7-m/nofp\libg.a(lib_a-memset.o)
                              f:/environment/gnu arm embedded toolchain/10 2021.10/bin/../lib/gcc/arm-none-eabi/10.3.1/../../../../arm-none-eabi/lib/thumb/v7-m/nofp/crt0.o (memset)
f:/environment/gnu arm embedded toolchain/10 2021.10/bin/../lib/gcc/arm-none-eabi/10.3.1/../../../../arm-none-eabi/lib/thumb/v7-m/nofp\libg.a(lib_a-printf.o)
                              CMakeFiles/stepping_motor.elf.dir/Core/Src/stm32f1xx_it.c.obj (printf)
f:/environment/gnu arm embedded toolchain/10 2021.10/bin/../lib/gcc/arm-none-eabi/10.3.1/../../../../arm-none-eabi/lib/thumb/v7-m/nofp\libg.a(lib_a-puts.o)
                              CMakeFiles/stepping_motor.elf.dir/Core/Src/decode.c.obj (puts)
f:/environment/gnu arm embedded toolchain/10 2021.10/bin/../lib/gcc/arm-none-eabi/10.3.1/../../../../arm-none-eabi/lib/thumb/v7-m/nofp\libg.a(lib_a-setvbuf.o)
                              CMakeFiles/stepping_motor.elf.dir/Core/Src/retarget.c.obj (setvbuf)
f:/environment/gnu arm embedded toolchain/10 2021.10/bin/../lib/gcc/arm-none-eabi/10.3.1/../../../../arm-none-eabi/lib/thumb/v7-m/nofp\libg.a(lib_a-strlen-stub.o)
                              f:/environment/gnu arm embedded toolchain/10 2021.10/bin/../lib/gcc/arm-none-eabi/10.3.1/../../../../arm-none-eabi/lib/thumb/v7-m/nofp\libg.a(lib_a-puts.o) (strlen)
f:/environment/gnu arm embedded toolchain/10 2021.10/bin/../lib/gcc/arm-none-eabi/10.3.1/../../../../arm-none-eabi/lib/thumb/v7-m/nofp\libg.a(lib_a-vfprintf.o)
                              f:/environment/gnu arm embedded toolchain/10 2021.10/bin/../lib/gcc/arm-none-eabi/10.3.1/../../../../arm-none-eabi/lib/thumb/v7-m/nofp\libg.a(lib_a-printf.o) (_vfprintf_r)
f:/environment/gnu arm embedded toolchain/10 2021.10/bin/../lib/gcc/arm-none-eabi/10.3.1/../../../../arm-none-eabi/lib/thumb/v7-m/nofp\libg.a(lib_a-wsetup.o)
                              f:/environment/gnu arm embedded toolchain/10 2021.10/bin/../lib/gcc/arm-none-eabi/10.3.1/../../../../arm-none-eabi/lib/thumb/v7-m/nofp\libg.a(lib_a-vfprintf.o) (__swsetup_r)
f:/environment/gnu arm embedded toolchain/10 2021.10/bin/../lib/gcc/arm-none-eabi/10.3.1/../../../../arm-none-eabi/lib/thumb/v7-m/nofp\libg.a(lib_a-__call_atexit.o)
[...]
Memory Configuration

Name             Origin             Length             Attributes
RAM              0x20000000         0x00005000         xrw
FLASH            0x08000000         0x00010000         xr
*default*        0x00000000         0xffffffff

Linker script and memory map

LOAD f:/environment/gnu arm embedded toolchain/10 2021.10/bin/../lib/gcc/arm-none-eabi/10.3.1/thumb/v7-m/nofp/crti.o
LOAD f:/environment/gnu arm embedded toolchain/10 2021.10/bin/../lib/gcc/arm-none-eabi/10.3.1/thumb/v7-m/nofp/crtbegin.o
LOAD f:/environment/gnu arm embedded toolchain/10 2021.10/bin/../lib/gcc/arm-none-eabi/10.3.1/../../../../arm-none-eabi/lib/thumb/v7-m/nofp/crt0.o
LOAD CMakeFiles/stepping_motor.elf.dir/Core/Src/bsp_pid.c.obj
LOAD CMakeFiles/stepping_motor.elf.dir/Core/Src/decode.c.obj
LOAD CMakeFiles/stepping_motor.elf.dir/Core/Src/gpio.c.obj
LOAD CMakeFiles/stepping_motor.elf.dir/Core/Src/main.c.obj
LOAD CMakeFiles/stepping_motor.elf.dir/Core/Src/retarget.c.obj
LOAD CMakeFiles/stepping_motor.elf.dir/Core/Src/s_speed_control.c.obj
LOAD CMakeFiles/stepping_motor.elf.dir/Core/Src/stepping_motor.c.obj
LOAD CMakeFiles/stepping_motor.elf.dir/Core/Src/stm32f1xx_hal_msp.c.obj
LOAD CMakeFiles/stepping_motor.elf.dir/Core/Src/stm32f1xx_it.c.obj
LOAD CMakeFiles/stepping_motor.elf.dir/Core/Src/syscalls.c.obj
LOAD CMakeFiles/stepping_motor.elf.dir/Core/Src/sysmem.c.obj
LOAD CMakeFiles/stepping_motor.elf.dir/Core/Src/system_stm32f1xx.c.obj
LOAD CMakeFiles/stepping_motor.elf.dir/Core/Src/tim.c.obj
LOAD CMakeFiles/stepping_motor.elf.dir/Core/Src/usart.c.obj
LOAD CMakeFiles/stepping_motor.elf.dir/Core/Startup/startup_stm32f103c8tx.s.obj
LOAD CMakeFiles/stepping_motor.elf.dir/Drivers/STM32F1xx_HAL_Driver/Src/stm32f1xx_hal.c.obj
LOAD CMakeFiles/stepping_motor.elf.dir/Drivers/STM32F1xx_HAL_Driver/Src/stm32f1xx_hal_cortex.c.obj
LOAD CMakeFiles/stepping_motor.elf.dir/Drivers/STM32F1xx_HAL_Driver/Src/stm32f1xx_hal_dma.c.obj
LOAD CMakeFiles/stepping_motor.elf.dir/Drivers/STM32F1xx_HAL_Driver/Src/stm32f1xx_hal_exti.c.obj
LOAD CMakeFiles/stepping_motor.elf.dir/Drivers/STM32F1xx_HAL_Driver/Src/stm32f1xx_hal_flash.c.obj
LOAD CMakeFiles/stepping_motor.elf.dir/Drivers/STM32F1xx_HAL_Driver/Src/stm32f1xx_hal_flash_ex.c.obj
LOAD CMakeFiles/stepping_motor.elf.dir/Drivers/STM32F1xx_HAL_Driver/Src/stm32f1xx_hal_gpio.c.obj
LOAD CMakeFiles/stepping_motor.elf.dir/Drivers/STM32F1xx_HAL_Driver/Src/stm32f1xx_hal_gpio_ex.c.obj
LOAD CMakeFiles/stepping_motor.elf.dir/Drivers/STM32F1xx_HAL_Driver/Src/stm32f1xx_hal_pwr.c.obj
LOAD CMakeFiles/stepping_motor.elf.dir/Drivers/STM32F1xx_HAL_Driver/Src/stm32f1xx_hal_rcc.c.obj
LOAD CMakeFiles/stepping_motor.elf.dir/Drivers/STM32F1xx_HAL_Driver/Src/stm32f1xx_hal_rcc_ex.c.obj
LOAD CMakeFiles/stepping_motor.elf.dir/Drivers/STM32F1xx_HAL_Driver/Src/stm32f1xx_hal_tim.c.obj
LOAD CMakeFiles/stepping_motor.elf.dir/Drivers/STM32F1xx_HAL_Driver/Src/stm32f1xx_hal_tim_ex.c.obj
LOAD CMakeFiles/stepping_motor.elf.dir/Drivers/STM32F1xx_HAL_Driver/Src/stm32f1xx_hal_uart.c.obj
START GROUP
LOAD f:/environment/gnu arm embedded toolchain/10 2021.10/bin/../lib/gcc/arm-none-eabi/10.3.1/thumb/v7-m/nofp\libgcc.a
LOAD f:/environment/gnu arm embedded toolchain/10 2021.10/bin/../lib/gcc/arm-none-eabi/10.3.1/../../../../arm-none-eabi/lib/thumb/v7-m/nofp\libg.a
LOAD f:/environment/gnu arm embedded toolchain/10 2021.10/bin/../lib/gcc/arm-none-eabi/10.3.1/../../../../arm-none-eabi/lib/thumb/v7-m/nofp\libc.a
END GROUP
LOAD f:/environment/gnu arm embedded toolchain/10 2021.10/bin/../lib/gcc/arm-none-eabi/10.3.1/thumb/v7-m/nofp/crtend.o
LOAD f:/environment/gnu arm embedded toolchain/10 2021.10/bin/../lib/gcc/arm-none-eabi/10.3.1/thumb/v7-m/nofp/crtn.o
                0x20005000                _estack = (ORIGIN (RAM) + LENGTH (RAM))
                0x00000200                _Min_Heap_Size = 0x200
                0x00000400                _Min_Stack_Size = 0x400

.isr_vector     0x08000000      0x10c
                0x08000000                . = ALIGN (0x4)
 *(.isr_vector)
 .isr_vector    0x08000000      0x10c CMakeFiles/stepping_motor.elf.dir/Core/Startup/startup_stm32f103c8tx.s.obj
                0x08000000                g_pfnVectors
                0x0800010c                . = ALIGN (0x4)

.text           0x08000110     0x9b20
                0x08000110                . = ALIGN (0x4)
 *(.text)
 .text          0x08000110       0x40 f:/environment/gnu arm embedded toolchain/10 2021.10/bin/../lib/gcc/arm-none-eabi/10.3.1/thumb/v7-m/nofp/crtbegin.o
 .text          0x08000150      0x168 f:/environment/gnu arm embedded toolchain/10 2021.10/bin/../lib/gcc/arm-none-eabi/10.3.1/thumb/v7-m/nofp\libgcc.a(_arm_mulsf3.o)
                0x08000150                __aeabi_fmul
                0x08000150                __mulsf3
 .text          0x080002b8      0x21c f:/environment/gnu arm embedded toolchain/10 2021.10/bin/../lib/gcc/arm-none-eabi/10.3.1/thumb/v7-m/nofp\libgcc.a(_arm_addsubsf3.o)
                0x080002b8                __aeabi_frsub
                0x080002c0                __subsf3
                0x080002c0                __aeabi_fsub
                0x080002c4                __aeabi_fadd
                0x080002c4                __addsf3
                0x08000424                __aeabi_ui2f
                0x08000424                __floatunsisf
                0x0800042c                __aeabi_i2f
                0x0800042c                __floatsisf
                0x08000448                __aeabi_ul2f
                0x08000448                __floatundisf
                0x08000458                __aeabi_l2f
                0x08000458                __floatdisf
 .text          0x080004d4       0xec f:/environment/gnu arm embedded toolchain/10 2021.10/bin/../lib/gcc/arm-none-eabi/10.3.1/thumb/v7-m/nofp\libgcc.a(_arm_cmpsf2.o)
                0x080004d4                __gesf2
                0x080004d4                __gtsf2
                0x080004dc                __lesf2
                0x080004dc                __ltsf2
                0x080004e4                __nesf2
                0x080004e4                __eqsf2
                0x080004e4                __cmpsf2
                0x08000544                __aeabi_cfrcmple
                0x0800054c                __aeabi_cfcmpeq
                0x0800054c                __aeabi_cfcmple
                0x0800055c                __aeabi_fcmpeq
                0x08000570                __aeabi_fcmplt
                0x08000584                __aeabi_fcmple
                0x08000598                __aeabi_fcmpge
                0x080005ac                __aeabi_fcmpgt
 .text          0x080005c0       0x40 f:/environment/gnu arm embedded toolchain/10 2021.10/bin/../lib/gcc/arm-none-eabi/10.3.1/thumb/v7-m/nofp\libgcc.a(_arm_fixunssfsi.o)
                0x080005c0                __fixunssfsi
                0x080005c0                __aeabi_f2uiz
 .text          0x08000600       0xec f:/environment/gnu arm embedded toolchain/10 2021.10/bin/../lib/gcc/arm-none-eabi/10.3.1/../../../../arm-none-eabi/lib/thumb/v7-m/nofp\libg.a(lib_a-memcpy.o)
                0x08000600                memcpy
 .text          0x080006ec      0x378 f:/environment/gnu arm embedded toolchain/10 2021.10/bin/../lib/gcc/arm-none-eabi/10.3.1/thumb/v7-m/nofp\libgcc.a(_arm_addsubdf3.o)
                0x080006ec                __aeabi_drsub
                0x080006f4                __aeabi_dsub
                0x080006f4                __subdf3
                0x080006f8                __aeabi_dadd
                0x080006f8                __adddf3
                0x08000970                __floatunsidf
                0x08000970                __aeabi_ui2d
                0x08000990                __floatsidf
                0x08000990                __aeabi_i2d
                0x080009b4                __aeabi_f2d
                0x080009b4                __extendsfdf2
                0x080009f8                __floatundidf
                0x080009f8                __aeabi_ul2d
                0x08000a08                __floatdidf
                0x08000a08                __aeabi_l2d
 .text          0x08000a64      0x424 f:/environment/gnu arm embedded toolchain/10 2021.10/bin/../lib/gcc/arm-none-eabi/10.3.1/thumb/v7-m/nofp\libgcc.a(_arm_muldivdf3.o)
                0x08000a64                __aeabi_dmul
                0x08000a64                __muldf3
                0x08000cb8                __divdf3
                0x08000cb8                __aeabi_ddiv
 .text          0x08000e88      0x110 f:/environment/gnu arm embedded toolchain/10 2021.10/bin/../lib/gcc/arm-none-eabi/10.3.1/thumb/v7-m/nofp\libgcc.a(_arm_cmpdf2.o)
                0x08000e88                __gtdf2
                0x08000e88                __gedf2
                0x08000e90                __ltdf2
                0x08000e90                __ledf2
                0x08000e98                __nedf2
                0x08000e98                __eqdf2
                0x08000e98                __cmpdf2
                0x08000f14                __aeabi_cdrcmple
                0x08000f24                __aeabi_cdcmpeq
                0x08000f24                __aeabi_cdcmple
                0x08000f34                __aeabi_dcmpeq
                0x08000f48                __aeabi_dcmplt
                0x08000f5c                __aeabi_dcmple
                0x08000f70                __aeabi_dcmpge
                0x08000f84                __aeabi_dcmpgt
 .text          0x08000f98       0x2c f:/environment/gnu arm embedded toolchain/10 2021.10/bin/../lib/gcc/arm-none-eabi/10.3.1/thumb/v7-m/nofp\libgcc.a(_arm_unorddf2.o)
                0x08000f98                __unorddf2
                0x08000f98                __aeabi_dcmpun
 .text          0x08000fc4       0x50 f:/environment/gnu arm embedded toolchain/10 2021.10/bin/../lib/gcc/arm-none-eabi/10.3.1/thumb/v7-m/nofp\libgcc.a(_arm_fixdfsi.o)
                0x08000fc4                __aeabi_d2iz
                0x08000fc4                __fixdfsi
 .text          0x08001014       0x30 f:/environment/gnu arm embedded toolchain/10 2021.10/bin/../lib/gcc/arm-none-eabi/10.3.1/thumb/v7-m/nofp\libgcc.a(_aeabi_uldivmod.o)
                0x08001014                __aeabi_uldivmod
 .text          0x08001044      0x2d4 f:/environment/gnu arm embedded toolchain/10 2021.10/bin/../lib/gcc/arm-none-eabi/10.3.1/thumb/v7-m/nofp\libgcc.a(_udivmoddi4.o)
                0x08001044                __udivmoddi4
 .text          0x08001318        0x4 f:/environment/gnu arm embedded toolchain/10 2021.10/bin/../lib/gcc/arm-none-eabi/10.3.1/thumb/v7-m/nofp\libgcc.a(_dvmd_tls.o)
                0x08001318                __aeabi_idiv0
                0x08001318                __aeabi_ldiv0
 *(.text*)
 .text.PID_Param_init
                0x0800131c       0x2c CMakeFiles/stepping_motor.elf.dir/Core/Src/bsp_pid.c.obj
                0x0800131c                PID_Param_init
 .text.PID_realize
                0x08001348       0x9c CMakeFiles/stepping_motor.elf.dir/Core/Src/bsp_pid.c.obj
                0x08001348                PID_realize
 .text.decode   0x080013e4       0x5c CMakeFiles/stepping_motor.elf.dir/Core/Src/decode.c.obj
                0x080013e4                decode
 .text.MX_GPIO_Init
                0x08001440       0x78 CMakeFiles/stepping_motor.elf.dir/Core/Src/gpio.c.obj
                0x08001440                MX_GPIO_Init
 .text.Error_Handler
                0x080014b8        0x4 CMakeFiles/stepping_motor.elf.dir/Core/Src/main.c.obj
                0x080014b8                Error_Handler
 .text.SystemClock_Config
                0x080014bc       0x64 CMakeFiles/stepping_motor.elf.dir/Core/Src/main.c.obj
                0x080014bc                SystemClock_Config
 .text.main     0x08001520       0xfc CMakeFiles/stepping_motor.elf.dir/Core/Src/main.c.obj
                0x08001520                main
 .text.RetargetInit
                0x0800161c       0x20 CMakeFiles/stepping_motor.elf.dir/Core/Src/retarget.c.obj
                0x0800161c                RetargetInit
 .text._isatty  0x0800163c       0x16 CMakeFiles/stepping_motor.elf.dir/Core/Src/retarget.c.obj
                0x0800163c                _isatty
 *fill*         0x08001652        0x2 
 .text._write   0x08001654       0x34 CMakeFiles/stepping_motor.elf.dir/Core/Src/retarget.c.obj
                0x08001654                _write
 .text._close   0x08001688       0x18 CMakeFiles/stepping_motor.elf.dir/Core/Src/retarget.c.obj
                0x08001688                _close
 .text._lseek   0x080016a0       0x10 CMakeFiles/stepping_motor.elf.dir/Core/Src/retarget.c.obj
                0x080016a0                _lseek
 .text._read    0x080016b0       0x30 CMakeFiles/stepping_motor.elf.dir/Core/Src/retarget.c.obj
                0x080016b0                _read
 .text._fstat   0x080016e0       0x1a CMakeFiles/stepping_motor.elf.dir/Core/Src/retarget.c.obj
                0x080016e0                _fstat
 *fill*         0x080016fa        0x2 
 .text.motor_control
                0x080016fc       0x80 CMakeFiles/stepping_motor.elf.dir/Core/Src/s_speed_control.c.obj
                0x080016fc                motor_control
 .text.HAL_TIM_PeriodElapsedCallback
                0x0800177c       0x1c CMakeFiles/stepping_motor.elf.dir/Core/Src/s_speed_control.c.obj
                0x0800177c                HAL_TIM_PeriodElapsedCallback
 .text.motor_init
                0x08001798       0x4c CMakeFiles/stepping_motor.elf.dir/Core/Src/stepping_motor.c.obj
                0x08001798                motor_init
 .text.gpio_bind
                0x080017e4       0x28 CMakeFiles/stepping_motor.elf.dir/Core/Src/stepping_motor.c.obj
                0x080017e4                gpio_bind
 .text.motor_pos_control
                0x0800180c       0x44 CMakeFiles/stepping_motor.elf.dir/Core/Src/stepping_motor.c.obj
                0x0800180c                motor_pos_control
 .text.motor_enable
                0x08001850       0x24 CMakeFiles/stepping_motor.elf.dir/Core/Src/stepping_motor.c.obj
                0x08001850                motor_enable
 .text.set_motordir
                0x08001874       0x44 CMakeFiles/stepping_motor.elf.dir/Core/Src/stepping_motor.c.obj
                0x08001874                set_motordir
 .text.HAL_TIM_PWM_PulseFinishedCallback
                0x080018b8       0x5c CMakeFiles/stepping_motor.elf.dir/Core/Src/stepping_motor.c.obj
                0x080018b8                HAL_TIM_PWM_PulseFinishedCallback
 .text.HAL_MspInit
                0x08001914       0x44 CMakeFiles/stepping_motor.elf.dir/Core/Src/stm32f1xx_hal_msp.c.obj
                0x08001914                HAL_MspInit
 .text.NMI_Handler
                0x08001958        0x2 CMakeFiles/stepping_motor.elf.dir/Core/Src/stm32f1xx_it.c.obj
                0x08001958                NMI_Handler
 .text.HardFault_Handler
                0x0800195a        0x2 CMakeFiles/stepping_motor.elf.dir/Core/Src/stm32f1xx_it.c.obj
                0x0800195a                HardFault_Handler
 .text.MemManage_Handler
                0x0800195c        0x2 CMakeFiles/stepping_motor.elf.dir/Core/Src/stm32f1xx_it.c.obj
                0x0800195c                MemManage_Handler
 .text.BusFault_Handler
                0x0800195e        0x2 CMakeFiles/stepping_motor.elf.dir/Core/Src/stm32f1xx_it.c.obj
                0x0800195e                BusFault_Handler
 .text.UsageFault_Handler
                0x08001960        0x2 CMakeFiles/stepping_motor.elf.dir/Core/Src/stm32f1xx_it.c.obj
                0x08001960                UsageFault_Handler
 .text.SVC_Handler
                0x08001962        0x2 CMakeFiles/stepping_motor.elf.dir/Core/Src/stm32f1xx_it.c.obj
                0x08001962                SVC_Handler
 .text.DebugMon_Handler
                0x08001964        0x2 CMakeFiles/stepping_motor.elf.dir/Core/Src/stm32f1xx_it.c.obj
                0x08001964                DebugMon_Handler
 .text.PendSV_Handler
                0x08001966        0x2 CMakeFiles/stepping_motor.elf.dir/Core/Src/stm32f1xx_it.c.obj
                0x08001966                PendSV_Handler
 .text.SysTick_Handler
                0x08001968        0x8 CMakeFiles/stepping_motor.elf.dir/Core/Src/stm32f1xx_it.c.obj
                0x08001968                SysTick_Handler
 .text.TIM3_IRQHandler
                0x08001970       0x10 CMakeFiles/stepping_motor.elf.dir/Core/Src/stm32f1xx_it.c.obj
                0x08001970                TIM3_IRQHandler
 .text.TIM4_IRQHandler
                0x08001980       0x10 CMakeFiles/stepping_motor.elf.dir/Core/Src/stm32f1xx_it.c.obj
                0x08001980                TIM4_IRQHandler
 .text.USART2_IRQHandler
                0x08001990       0x10 CMakeFiles/stepping_motor.elf.dir/Core/Src/stm32f1xx_it.c.obj
                0x08001990                USART2_IRQHandler
 .text.HAL_UART_RxCpltCallback
                0x080019a0       0x4c CMakeFiles/stepping_motor.elf.dir/Core/Src/stm32f1xx_it.c.obj
                0x080019a0                HAL_UART_RxCpltCallback
 .text._getpid  0x080019ec        0x4 CMakeFiles/stepping_motor.elf.dir/Core/Src/syscalls.c.obj
                0x080019ec                _getpid
 .text._kill    0x080019f0       0x10 CMakeFiles/stepping_motor.elf.dir/Core/Src/syscalls.c.obj
                0x080019f0                _kill
 .text._exit    0x08001a00        0xc CMakeFiles/stepping_motor.elf.dir/Core/Src/syscalls.c.obj
                0x08001a00                _exit
 .text._sbrk    0x08001a0c       0x48 CMakeFiles/stepping_motor.elf.dir/Core/Src/sysmem.c.obj
                0x08001a0c                _sbrk
 .text.SystemInit
                0x08001a54        0x2 CMakeFiles/stepping_motor.elf.dir/Core/Src/system_stm32f1xx.c.obj
                0x08001a54                SystemInit
 *fill*         0x08001a56        0x2 
 .text.MX_TIM3_Init
                0x08001a58       0x70 CMakeFiles/stepping_motor.elf.dir/Core/Src/tim.c.obj
                0x08001a58                MX_TIM3_Init
 .text.HAL_TIM_Base_MspInit
                0x08001ac8       0x70 CMakeFiles/stepping_motor.elf.dir/Core/Src/tim.c.obj
                0x08001ac8                HAL_TIM_Base_MspInit
 .text.HAL_TIM_MspPostInit
                0x08001b38       0x50 CMakeFiles/stepping_motor.elf.dir/Core/Src/tim.c.obj
                0x08001b38                HAL_TIM_MspPostInit
 .text.MX_TIM4_Init
                0x08001b88       0xcc CMakeFiles/stepping_motor.elf.dir/Core/Src/tim.c.obj
                0x08001b88                MX_TIM4_Init
 .text.MX_USART2_UART_Init
                0x08001c54       0x34 CMakeFiles/stepping_motor.elf.dir/Core/Src/usart.c.obj
                0x08001c54                MX_USART2_UART_Init
 .text.MX_USART3_UART_Init
                0x08001c88       0x34 CMakeFiles/stepping_motor.elf.dir/Core/Src/usart.c.obj
                0x08001c88                MX_USART3_UART_Init
 .text.HAL_UART_MspInit
                0x08001cbc       0xe8 CMakeFiles/stepping_motor.elf.dir/Core/Src/usart.c.obj
                0x08001cbc                HAL_UART_MspInit
 .text.Reset_Handler
                0x08001da4       0x48 CMakeFiles/stepping_motor.elf.dir/Core/Startup/startup_stm32f103c8tx.s.obj
                0x08001da4                Reset_Handler
 .text.Default_Handler
                0x08001dec        0x2 CMakeFiles/stepping_motor.elf.dir/Core/Startup/startup_stm32f103c8tx.s.obj
                0x08001dec                RTC_Alarm_IRQHandler
                0x08001dec                EXTI2_IRQHandler
                0x08001dec                TIM1_CC_IRQHandler
                0x08001dec                PVD_IRQHandler
                0x08001dec                EXTI3_IRQHandler
                0x08001dec                EXTI0_IRQHandler
                0x08001dec                I2C2_EV_IRQHandler
                0x08001dec                ADC1_2_IRQHandler
                0x08001dec                SPI1_IRQHandler
                0x08001dec                TAMPER_IRQHandler
                0x08001dec                DMA1_Channel4_IRQHandler
                0x08001dec                USART3_IRQHandler
                0x08001dec                RTC_IRQHandler
                0x08001dec                DMA1_Channel7_IRQHandler
                0x08001dec                CAN1_RX1_IRQHandler
                0x08001dec                I2C1_EV_IRQHandler
                0x08001dec                DMA1_Channel6_IRQHandler
                0x08001dec                RCC_IRQHandler
                0x08001dec                TIM1_TRG_COM_IRQHandler
                0x08001dec                DMA1_Channel1_IRQHandler
                0x08001dec                Default_Handler
                0x08001dec                EXTI15_10_IRQHandler
                0x08001dec                EXTI9_5_IRQHandler
                0x08001dec                SPI2_IRQHandler
                0x08001dec                DMA1_Channel5_IRQHandler
                0x08001dec                EXTI4_IRQHandler
                0x08001dec                USB_LP_CAN1_RX0_IRQHandler
                0x08001dec                USB_HP_CAN1_TX_IRQHandler
                0x08001dec                DMA1_Channel3_IRQHandler
                0x08001dec                TIM1_UP_IRQHandler
                0x08001dec                WWDG_IRQHandler
                0x08001dec                TIM2_IRQHandler
                0x08001dec                TIM1_BRK_IRQHandler
                0x08001dec                EXTI1_IRQHandler
                0x08001dec                I2C2_ER_IRQHandler
                0x08001dec                DMA1_Channel2_IRQHandler
                0x08001dec                CAN1_SCE_IRQHandler
                0x08001dec                FLASH_IRQHandler
                0x08001dec                USART1_IRQHandler
                0x08001dec                I2C1_ER_IRQHandler
                0x08001dec                USBWakeUp_IRQHandler
 *fill*         0x08001dee        0x2 
 .text.HAL_InitTick
                0x08001df0       0x4c CMakeFiles/stepping_motor.elf.dir/Drivers/STM32F1xx_HAL_Driver/Src/stm32f1xx_hal.c.obj
                0x08001df0                HAL_InitTick
 .text.HAL_Init
                0x08001e3c       0x24 CMakeFiles/stepping_motor.elf.dir/Drivers/STM32F1xx_HAL_Driver/Src/stm32f1xx_hal.c.obj
                0x08001e3c                HAL_Init
 .text.HAL_IncTick
                0x08001e60       0x18 CMakeFiles/stepping_motor.elf.dir/Drivers/STM32F1xx_HAL_Driver/Src/stm32f1xx_hal.c.obj
                0x08001e60                HAL_IncTick
 .text.HAL_GetTick
                0x08001e78        0xc CMakeFiles/stepping_motor.elf.dir/Drivers/STM32F1xx_HAL_Driver/Src/stm32f1xx_hal.c.obj
                0x08001e78                HAL_GetTick
 .text.HAL_NVIC_SetPriorityGrouping
                0x08001e84       0x24 CMakeFiles/stepping_motor.elf.dir/Drivers/STM32F1xx_HAL_Driver/Src/stm32f1xx_hal_cortex.c.obj
                0x08001e84                HAL_NVIC_SetPriorityGrouping
 .text.HAL_NVIC_SetPriority
                0x08001ea8       0x70 CMakeFiles/stepping_motor.elf.dir/Drivers/STM32F1xx_HAL_Driver/Src/stm32f1xx_hal_cortex.c.obj
                0x08001ea8                HAL_NVIC_SetPriority
 .text.HAL_NVIC_EnableIRQ
                0x08001f18       0x1c CMakeFiles/stepping_motor.elf.dir/Drivers/STM32F1xx_HAL_Driver/Src/stm32f1xx_hal_cortex.c.obj
                0x08001f18                HAL_NVIC_EnableIRQ
 .text.HAL_SYSTICK_Config
                0x08001f34       0x28 CMakeFiles/stepping_motor.elf.dir/Drivers/STM32F1xx_HAL_Driver/Src/stm32f1xx_hal_cortex.c.obj
                0x08001f34                HAL_SYSTICK_Config
 .text.HAL_DMA_Abort
                0x08001f5c       0x46 CMakeFiles/stepping_motor.elf.dir/Drivers/STM32F1xx_HAL_Driver/Src/stm32f1xx_hal_dma.c.obj
                0x08001f5c                HAL_DMA_Abort
 *fill*         0x08001fa2        0x2 
 .text.HAL_DMA_Abort_IT
                0x08001fa4       0x98 CMakeFiles/stepping_motor.elf.dir/Drivers/STM32F1xx_HAL_Driver/Src/stm32f1xx_hal_dma.c.obj
                0x08001fa4                HAL_DMA_Abort_IT
 .text.HAL_GPIO_Init
                0x0800203c      0x224 CMakeFiles/stepping_motor.elf.dir/Drivers/STM32F1xx_HAL_Driver/Src/stm32f1xx_hal_gpio.c.obj
                0x0800203c                HAL_GPIO_Init
 .text.HAL_GPIO_WritePin
                0x08002260        0xc CMakeFiles/stepping_motor.elf.dir/Drivers/STM32F1xx_HAL_Driver/Src/stm32f1xx_hal_gpio.c.obj
                0x08002260                HAL_GPIO_WritePin
 .text.RCC_Delay
                0x0800226c       0x2c CMakeFiles/stepping_motor.elf.dir/Drivers/STM32F1xx_HAL_Driver/Src/stm32f1xx_hal_rcc.c.obj
 .text.HAL_RCC_OscConfig
                0x08002298      0x410 CMakeFiles/stepping_motor.elf.dir/Drivers/STM32F1xx_HAL_Driver/Src/stm32f1xx_hal_rcc.c.obj
                0x08002298                HAL_RCC_OscConfig
 .text.HAL_RCC_GetSysClockFreq
                0x080026a8       0x54 CMakeFiles/stepping_motor.elf.dir/Drivers/STM32F1xx_HAL_Driver/Src/stm32f1xx_hal_rcc.c.obj
                0x080026a8                HAL_RCC_GetSysClockFreq
 .text.HAL_RCC_ClockConfig
                0x080026fc      0x16c CMakeFiles/stepping_motor.elf.dir/Drivers/STM32F1xx_HAL_Driver/Src/stm32f1xx_hal_rcc.c.obj
                0x080026fc                HAL_RCC_ClockConfig
 .text.HAL_RCC_GetHCLKFreq
                0x08002868        0xc CMakeFiles/stepping_motor.elf.dir/Drivers/STM32F1xx_HAL_Driver/Src/stm32f1xx_hal_rcc.c.obj
                0x08002868                HAL_RCC_GetHCLKFreq
 .text.HAL_RCC_GetPCLK1Freq
                0x08002874       0x20 CMakeFiles/stepping_motor.elf.dir/Drivers/STM32F1xx_HAL_Driver/Src/stm32f1xx_hal_rcc.c.obj
                0x08002874                HAL_RCC_GetPCLK1Freq
 .text.HAL_RCC_GetPCLK2Freq
                0x08002894       0x20 CMakeFiles/stepping_motor.elf.dir/Drivers/STM32F1xx_HAL_Driver/Src/stm32f1xx_hal_rcc.c.obj
                0x08002894                HAL_RCC_GetPCLK2Freq
 .text.TIM_OC1_SetConfig
                0x080028b4       0x5c CMakeFiles/stepping_motor.elf.dir/Drivers/STM32F1xx_HAL_Driver/Src/stm32f1xx_hal_tim.c.obj
 .text.TIM_OC3_SetConfig
                0x08002910       0x64 CMakeFiles/stepping_motor.elf.dir/Drivers/STM32F1xx_HAL_Driver/Src/stm32f1xx_hal_tim.c.obj
 .text.TIM_OC4_SetConfig
                0x08002974       0x48 CMakeFiles/stepping_motor.elf.dir/Drivers/STM32F1xx_HAL_Driver/Src/stm32f1xx_hal_tim.c.obj
 .text.TIM_TI1_ConfigInputStage
                0x080029bc       0x24 CMakeFiles/stepping_motor.elf.dir/Drivers/STM32F1xx_HAL_Driver/Src/stm32f1xx_hal_tim.c.obj
 .text.TIM_TI2_ConfigInputStage
                0x080029e0       0x26 CMakeFiles/stepping_motor.elf.dir/Drivers/STM32F1xx_HAL_Driver/Src/stm32f1xx_hal_tim.c.obj
 .text.TIM_ITRx_SetConfig
                0x08002a06       0x10 CMakeFiles/stepping_motor.elf.dir/Drivers/STM32F1xx_HAL_Driver/Src/stm32f1xx_hal_tim.c.obj
 .text.HAL_TIM_PWM_MspInit
                0x08002a16        0x2 CMakeFiles/stepping_motor.elf.dir/Drivers/STM32F1xx_HAL_Driver/Src/stm32f1xx_hal_tim.c.obj
                0x08002a16                HAL_TIM_PWM_MspInit
 .text.HAL_TIM_OC_DelayElapsedCallback
                0x08002a18        0x2 CMakeFiles/stepping_motor.elf.dir/Drivers/STM32F1xx_HAL_Driver/Src/stm32f1xx_hal_tim.c.obj
                0x08002a18                HAL_TIM_OC_DelayElapsedCallback
 .text.HAL_TIM_IC_CaptureCallback
                0x08002a1a        0x2 CMakeFiles/stepping_motor.elf.dir/Drivers/STM32F1xx_HAL_Driver/Src/stm32f1xx_hal_tim.c.obj
                0x08002a1a                HAL_TIM_IC_CaptureCallback
 .text.HAL_TIM_TriggerCallback
                0x08002a1c        0x2 CMakeFiles/stepping_motor.elf.dir/Drivers/STM32F1xx_HAL_Driver/Src/stm32f1xx_hal_tim.c.obj
                0x08002a1c                HAL_TIM_TriggerCallback
 .text.HAL_TIM_IRQHandler
                0x08002a1e      0x17a CMakeFiles/stepping_motor.elf.dir/Drivers/STM32F1xx_HAL_Driver/Src/stm32f1xx_hal_tim.c.obj
                0x08002a1e                HAL_TIM_IRQHandler
 .text.TIM_Base_SetConfig
                0x08002b98       0x74 CMakeFiles/stepping_motor.elf.dir/Drivers/STM32F1xx_HAL_Driver/Src/stm32f1xx_hal_tim.c.obj
                0x08002b98                TIM_Base_SetConfig
 .text.HAL_TIM_Base_Init
                0x08002c0c       0x58 CMakeFiles/stepping_motor.elf.dir/Drivers/STM32F1xx_HAL_Driver/Src/stm32f1xx_hal_tim.c.obj
                0x08002c0c                HAL_TIM_Base_Init
 .text.HAL_TIM_PWM_Init
                0x08002c64       0x58 CMakeFiles/stepping_motor.elf.dir/Drivers/STM32F1xx_HAL_Driver/Src/stm32f1xx_hal_tim.c.obj
                0x08002c64                HAL_TIM_PWM_Init
 .text.TIM_OC2_SetConfig
                0x08002cbc       0x64 CMakeFiles/stepping_motor.elf.dir/Drivers/STM32F1xx_HAL_Driver/Src/stm32f1xx_hal_tim.c.obj
                0x08002cbc                TIM_OC2_SetConfig
 .text.HAL_TIM_PWM_ConfigChannel
                0x08002d20       0xdc CMakeFiles/stepping_motor.elf.dir/Drivers/STM32F1xx_HAL_Driver/Src/stm32f1xx_hal_tim.c.obj
                0x08002d20                HAL_TIM_PWM_ConfigChannel
 .text.TIM_ETR_SetConfig
                0x08002dfc       0x18 CMakeFiles/stepping_motor.elf.dir/Drivers/STM32F1xx_HAL_Driver/Src/stm32f1xx_hal_tim.c.obj
                0x08002dfc                TIM_ETR_SetConfig
 .text.HAL_TIM_ConfigClockSource
                0x08002e14       0xfe CMakeFiles/stepping_motor.elf.dir/Drivers/STM32F1xx_HAL_Driver/Src/stm32f1xx_hal_tim.c.obj
                0x08002e14                HAL_TIM_ConfigClockSource
 .text.TIM_CCxChannelCmd
                0x08002f12       0x1e CMakeFiles/stepping_motor.elf.dir/Drivers/STM32F1xx_HAL_Driver/Src/stm32f1xx_hal_tim.c.obj
                0x08002f12                TIM_CCxChannelCmd
 .text.HAL_TIM_PWM_Stop
                0x08002f30       0x84 CMakeFiles/stepping_motor.elf.dir/Drivers/STM32F1xx_HAL_Driver/Src/stm32f1xx_hal_tim.c.obj
                0x08002f30                HAL_TIM_PWM_Stop
 .text.HAL_TIM_PWM_Start_IT
                0x08002fb4      0x124 CMakeFiles/stepping_motor.elf.dir/Drivers/STM32F1xx_HAL_Driver/Src/stm32f1xx_hal_tim.c.obj
                0x08002fb4                HAL_TIM_PWM_Start_IT
 .text.HAL_TIMEx_MasterConfigSynchronization
                0x080030d8       0x6c CMakeFiles/stepping_motor.elf.dir/Drivers/STM32F1xx_HAL_Driver/Src/stm32f1xx_hal_tim_ex.c.obj
                0x080030d8                HAL_TIMEx_MasterConfigSynchronization
 .text.HAL_TIMEx_CommutCallback
                0x08003144        0x2 CMakeFiles/stepping_motor.elf.dir/Drivers/STM32F1xx_HAL_Driver/Src/stm32f1xx_hal_tim_ex.c.obj
                0x08003144                HAL_TIMEx_CommutCallback
 .text.HAL_TIMEx_BreakCallback
                0x08003146        0x2 CMakeFiles/stepping_motor.elf.dir/Drivers/STM32F1xx_HAL_Driver/Src/stm32f1xx_hal_tim_ex.c.obj
                0x08003146                HAL_TIMEx_BreakCallback
 .text.UART_EndRxTransfer
                0x08003148       0x5c CMakeFiles/stepping_motor.elf.dir/Drivers/STM32F1xx_HAL_Driver/Src/stm32f1xx_hal_uart.c.obj
 .text.UART_Transmit_IT
                0x080031a4       0x60 CMakeFiles/stepping_motor.elf.dir/Drivers/STM32F1xx_HAL_Driver/Src/stm32f1xx_hal_uart.c.obj
 .text.UART_SetConfig
                0x08003204       0x94 CMakeFiles/stepping_motor.elf.dir/Drivers/STM32F1xx_HAL_Driver/Src/stm32f1xx_hal_uart.c.obj
 .text.UART_WaitOnFlagUntilTimeout
                0x08003298       0x88 CMakeFiles/stepping_motor.elf.dir/Drivers/STM32F1xx_HAL_Driver/Src/stm32f1xx_hal_uart.c.obj
 .text.HAL_UART_Init
                0x08003320       0x60 CMakeFiles/stepping_motor.elf.dir/Drivers/STM32F1xx_HAL_Driver/Src/stm32f1xx_hal_uart.c.obj
                0x08003320                HAL_UART_Init
 .text.HAL_UART_Transmit
                0x08003380       0xbe CMakeFiles/stepping_motor.elf.dir/Drivers/STM32F1xx_HAL_Driver/Src/stm32f1xx_hal_uart.c.obj
                0x08003380                HAL_UART_Transmit
 .text.HAL_UART_Receive
                0x0800343e       0xca CMakeFiles/stepping_motor.elf.dir/Drivers/STM32F1xx_HAL_Driver/Src/stm32f1xx_hal_uart.c.obj
                0x0800343e                HAL_UART_Receive
 .text.HAL_UART_TxCpltCallback
                0x08003508        0x2 CMakeFiles/stepping_motor.elf.dir/Drivers/STM32F1xx_HAL_Driver/Src/stm32f1xx_hal_uart.c.obj
                0x08003508                HAL_UART_TxCpltCallback
 .text.UART_EndTransmit_IT
                0x0800350a       0x1a CMakeFiles/stepping_motor.elf.dir/Drivers/STM32F1xx_HAL_Driver/Src/stm32f1xx_hal_uart.c.obj
 .text.HAL_UART_ErrorCallback
                0x08003524        0x2 CMakeFiles/stepping_motor.elf.dir/Drivers/STM32F1xx_HAL_Driver/Src/stm32f1xx_hal_uart.c.obj
                0x08003524                HAL_UART_ErrorCallback
 .text.UART_DMAAbortOnError
                0x08003526       0x10 CMakeFiles/stepping_motor.elf.dir/Drivers/STM32F1xx_HAL_Driver/Src/stm32f1xx_hal_uart.c.obj
 .text.HAL_UARTEx_RxEventCallback
                0x08003536        0x2 CMakeFiles/stepping_motor.elf.dir/Drivers/STM32F1xx_HAL_Driver/Src/stm32f1xx_hal_uart.c.obj
                0x08003536                HAL_UARTEx_RxEventCallback
 .text.UART_Receive_IT
                0x08003538       0xe6 CMakeFiles/stepping_motor.elf.dir/Drivers/STM32F1xx_HAL_Driver/Src/stm32f1xx_hal_uart.c.obj
 *fill*         0x0800361e        0x2 
 .text.HAL_UART_IRQHandler
                0x08003620      0x288 CMakeFiles/stepping_motor.elf.dir/Drivers/STM32F1xx_HAL_Driver/Src/stm32f1xx_hal_uart.c.obj
                0x08003620                HAL_UART_IRQHandler
 .text.UART_Start_Receive_IT
                0x080038a8       0x36 CMakeFiles/stepping_motor.elf.dir/Drivers/STM32F1xx_HAL_Driver/Src/stm32f1xx_hal_uart.c.obj
                0x080038a8                UART_Start_Receive_IT
 .text.HAL_UART_Receive_IT
                0x080038de       0x26 CMakeFiles/stepping_motor.elf.dir/Drivers/STM32F1xx_HAL_Driver/Src/stm32f1xx_hal_uart.c.obj
                0x080038de                HAL_UART_Receive_IT
 .text.__errno  0x08003904        0xc f:/environment/gnu arm embedded toolchain/10 2021.10/bin/../lib/gcc/arm-none-eabi/10.3.1/../../../../arm-none-eabi/lib/thumb/v7-m/nofp\libg.a(lib_a-errno.o)
                0x08003904                __errno
 .text.__libc_init_array
                0x08003910       0x48 f:/environment/gnu arm embedded toolchain/10 2021.10/bin/../lib/gcc/arm-none-eabi/10.3.1/../../../../arm-none-eabi/lib/thumb/v7-m/nofp\libg.a(lib_a-init.o)
                0x08003910                __libc_init_array
 .text.memset   0x08003958       0xa4 f:/environment/gnu arm embedded toolchain/10 2021.10/bin/../lib/gcc/arm-none-eabi/10.3.1/../../../../arm-none-eabi/lib/thumb/v7-m/nofp\libg.a(lib_a-memset.o)
                0x08003958                memset
 .text.printf   0x080039fc       0x28 f:/environment/gnu arm embedded toolchain/10 2021.10/bin/../lib/gcc/arm-none-eabi/10.3.1/../../../../arm-none-eabi/lib/thumb/v7-m/nofp\libg.a(lib_a-printf.o)
                0x080039fc                printf
 .text._puts_r  0x08003a24       0x9c f:/environment/gnu arm embedded toolchain/10 2021.10/bin/../lib/gcc/arm-none-eabi/10.3.1/../../../../arm-none-eabi/lib/thumb/v7-m/nofp\libg.a(lib_a-puts.o)
                0x08003a24                _puts_r
 .text.puts     0x08003ac0       0x10 f:/environment/gnu arm embedded toolchain/10 2021.10/bin/../lib/gcc/arm-none-eabi/10.3.1/../../../../arm-none-eabi/lib/thumb/v7-m/nofp\libg.a(lib_a-puts.o)
                0x08003ac0                puts
 .text.setvbuf  0x08003ad0      0x1b0 f:/environment/gnu arm embedded toolchain/10 2021.10/bin/../lib/gcc/arm-none-eabi/10.3.1/../../../../arm-none-eabi/lib/thumb/v7-m/nofp\libg.a(lib_a-setvbuf.o)
                0x08003ad0                setvbuf
 .text.strlen   0x08003c80       0x5c f:/environment/gnu arm embedded toolchain/10 2021.10/bin/../lib/gcc/arm-none-eabi/10.3.1/../../../../arm-none-eabi/lib/thumb/v7-m/nofp\libg.a(lib_a-strlen-stub.o)
                0x08003c80                strlen
 .text._vfprintf_r
                0x08003cdc     0x1b58 f:/environment/gnu arm embedded toolchain/10 2021.10/bin/../lib/gcc/arm-none-eabi/10.3.1/../../../../arm-none-eabi/lib/thumb/v7-m/nofp\libg.a(lib_a-vfprintf.o)
                0x08003cdc                _vfprintf_r
 .text.__sbprintf
                0x08005834       0x84 f:/environment/gnu arm embedded toolchain/10 2021.10/bin/../lib/gcc/arm-none-eabi/10.3.1/../../../../arm-none-eabi/lib/thumb/v7-m/nofp\libg.a(lib_a-vfprintf.o)
 .text.__swsetup_r
                0x080058b8       0xd4 f:/environment/gnu arm embedded toolchain/10 2021.10/bin/../lib/gcc/arm-none-eabi/10.3.1/../../../../arm-none-eabi/lib/thumb/v7-m/nofp\libg.a(lib_a-wsetup.o)
                0x080058b8                __swsetup_r
 .text.startup.register_fini
                0x0800598c       0x14 f:/environment/gnu arm embedded toolchain/10 2021.10/bin/../lib/gcc/arm-none-eabi/10.3.1/../../../../arm-none-eabi/lib/thumb/v7-m/nofp\libg.a(lib_a-__call_atexit.o)
 .text.atexit   0x080059a0        0xc f:/environment/gnu arm embedded toolchain/10 2021.10/bin/../lib/gcc/arm-none-eabi/10.3.1/../../../../arm-none-eabi/lib/thumb/v7-m/nofp\libg.a(lib_a-atexit.o)
                0x080059a0                atexit
 .text.quorem   0x080059ac      0x12c f:/environment/gnu arm embedded toolchain/10 2021.10/bin/../lib/gcc/arm-none-eabi/10.3.1/../../../../arm-none-eabi/lib/thumb/v7-m/nofp\libg.a(lib_a-dtoa.o)
 .text._dtoa_r  0x08005ad8      0xecc f:/environment/gnu arm embedded toolchain/10 2021.10/bin/../lib/gcc/arm-none-eabi/10.3.1/../../../../arm-none-eabi/lib/thumb/v7-m/nofp\libg.a(lib_a-dtoa.o)
                0x08005ad8                _dtoa_r
 .text.__sflush_r
                0x080069a4      0x124 f:/environment/gnu arm embedded toolchain/10 2021.10/bin/../lib/gcc/arm-none-eabi/10.3.1/../../../../arm-none-eabi/lib/thumb/v7-m/nofp\libg.a(lib_a-fflush.o)
                0x080069a4                __sflush_r
 .text._fflush_r
                0x08006ac8       0x5c f:/environment/gnu arm embedded toolchain/10 2021.10/bin/../lib/gcc/arm-none-eabi/10.3.1/../../../../arm-none-eabi/lib/thumb/v7-m/nofp\libg.a(lib_a-fflush.o)
                0x08006ac8                _fflush_r
 .text._cleanup_r
                0x08006b24        0xc f:/environment/gnu arm embedded toolchain/10 2021.10/bin/../lib/gcc/arm-none-eabi/10.3.1/../../../../arm-none-eabi/lib/thumb/v7-m/nofp\libg.a(lib_a-findfp.o)
                0x08006b24                _cleanup_r
 .text.__sinit  0x08006b30      0x10c f:/environment/gnu arm embedded toolchain/10 2021.10/bin/../lib/gcc/arm-none-eabi/10.3.1/../../../../arm-none-eabi/lib/thumb/v7-m/nofp\libg.a(lib_a-findfp.o)
                0x08006b30                __sinit
 .text.__sfp_lock_acquire
                0x08006c3c        0xc f:/environment/gnu arm embedded toolchain/10 2021.10/bin/../lib/gcc/arm-none-eabi/10.3.1/../../../../arm-none-eabi/lib/thumb/v7-m/nofp\libg.a(lib_a-findfp.o)
                0x08006c3c                __sfp_lock_acquire
 .text.__sfp_lock_release
                0x08006c48        0xc f:/environment/gnu arm embedded toolchain/10 2021.10/bin/../lib/gcc/arm-none-eabi/10.3.1/../../../../arm-none-eabi/lib/thumb/v7-m/nofp\libg.a(lib_a-findfp.o)
                0x08006c48                __sfp_lock_release
 .text.__libc_fini_array
                0x08006c54       0x2c f:/environment/gnu arm embedded toolchain/10 2021.10/bin/../lib/gcc/arm-none-eabi/10.3.1/../../../../arm-none-eabi/lib/thumb/v7-m/nofp\libg.a(lib_a-fini.o)
                0x08006c54                __libc_fini_array
 .text._malloc_trim_r
                0x08006c80       0xa0 f:/environment/gnu arm embedded toolchain/10 2021.10/bin/../lib/gcc/arm-none-eabi/10.3.1/../../../../arm-none-eabi/lib/thumb/v7-m/nofp\libg.a(lib_a-freer.o)
                0x08006c80                _malloc_trim_r
 .text._free_r  0x08006d20      0x200 f:/environment/gnu arm embedded toolchain/10 2021.10/bin/../lib/gcc/arm-none-eabi/10.3.1/../../../../arm-none-eabi/lib/thumb/v7-m/nofp\libg.a(lib_a-freer.o)
                0x08006d20                _free_r
 .text.__sfvwrite_r
                0x08006f20      0x2f0 f:/environment/gnu arm embedded toolchain/10 2021.10/bin/../lib/gcc/arm-none-eabi/10.3.1/../../../../arm-none-eabi/lib/thumb/v7-m/nofp\libg.a(lib_a-fvwrite.o)
                0x08006f20                __sfvwrite_r
 .text._fwalk_reent
                0x08007210       0x48 f:/environment/gnu arm embedded toolchain/10 2021.10/bin/../lib/gcc/arm-none-eabi/10.3.1/../../../../arm-none-eabi/lib/thumb/v7-m/nofp\libg.a(lib_a-fwalk.o)
                0x08007210                _fwalk_reent
 .text._localeconv_r
                0x08007258        0x8 f:/environment/gnu arm embedded toolchain/10 2021.10/bin/../lib/gcc/arm-none-eabi/10.3.1/../../../../arm-none-eabi/lib/thumb/v7-m/nofp\libg.a(lib_a-localeconv.o)
                0x08007258                _localeconv_r
 .text.__retarget_lock_init_recursive
                0x08007260        0x4 f:/environment/gnu arm embedded toolchain/10 2021.10/bin/../lib/gcc/arm-none-eabi/10.3.1/../../../../arm-none-eabi/lib/thumb/v7-m/nofp\libg.a(lib_a-lock.o)
                0x08007260                __retarget_lock_init_recursive
 .text.__retarget_lock_close_recursive
                0x08007264        0x4 f:/environment/gnu arm embedded toolchain/10 2021.10/bin/../lib/gcc/arm-none-eabi/10.3.1/../../../../arm-none-eabi/lib/thumb/v7-m/nofp\libg.a(lib_a-lock.o)
                0x08007264                __retarget_lock_close_recursive
 .text.__retarget_lock_acquire_recursive
                0x08007268        0x4 f:/environment/gnu arm embedded toolchain/10 2021.10/bin/../lib/gcc/arm-none-eabi/10.3.1/../../../../arm-none-eabi/lib/thumb/v7-m/nofp\libg.a(lib_a-lock.o)
                0x08007268                __retarget_lock_acquire_recursive
 .text.__retarget_lock_release_recursive
                0x0800726c        0x4 f:/environment/gnu arm embedded toolchain/10 2021.10/bin/../lib/gcc/arm-none-eabi/10.3.1/../../../../arm-none-eabi/lib/thumb/v7-m/nofp\libg.a(lib_a-lock.o)
                0x0800726c                __retarget_lock_release_recursive
 .text.__smakebuf_r
                0x08007270       0xe0 f:/environment/gnu arm embedded toolchain/10 2021.10/bin/../lib/gcc/arm-none-eabi/10.3.1/../../../../arm-none-eabi/lib/thumb/v7-m/nofp\libg.a(lib_a-makebuf.o)
                0x08007270                __smakebuf_r
 .text.__swhatbuf_r
                0x08007350       0x60 f:/environment/gnu arm embedded toolchain/10 2021.10/bin/../lib/gcc/arm-none-eabi/10.3.1/../../../../arm-none-eabi/lib/thumb/v7-m/nofp\libg.a(lib_a-makebuf.o)
                0x08007350                __swhatbuf_r
 .text.malloc   0x080073b0       0x10 f:/environment/gnu arm embedded toolchain/10 2021.10/bin/../lib/gcc/arm-none-eabi/10.3.1/../../../../arm-none-eabi/lib/thumb/v7-m/nofp\libg.a(lib_a-malloc.o)
                0x080073b0                malloc
 .text._malloc_r
                0x080073c0      0x558 f:/environment/gnu arm embedded toolchain/10 2021.10/bin/../lib/gcc/arm-none-eabi/10.3.1/../../../../arm-none-eabi/lib/thumb/v7-m/nofp\libg.a(lib_a-mallocr.o)
                0x080073c0                _malloc_r
 .text.memchr   0x08007918       0x90 f:/environment/gnu arm embedded toolchain/10 2021.10/bin/../lib/gcc/arm-none-eabi/10.3.1/../../../../arm-none-eabi/lib/thumb/v7-m/nofp\libg.a(lib_a-memchr-stub.o)
                0x08007918                memchr
 .text.memmove  0x080079a8       0xf8 f:/environment/gnu arm embedded toolchain/10 2021.10/bin/../lib/gcc/arm-none-eabi/10.3.1/../../../../arm-none-eabi/lib/thumb/v7-m/nofp\libg.a(lib_a-memmove.o)
                0x080079a8                memmove
 .text.__malloc_lock
                0x08007aa0        0xc f:/environment/gnu arm embedded toolchain/10 2021.10/bin/../lib/gcc/arm-none-eabi/10.3.1/../../../../arm-none-eabi/lib/thumb/v7-m/nofp\libg.a(lib_a-mlock.o)
                0x08007aa0                __malloc_lock
 .text.__malloc_unlock
                0x08007aac        0xc f:/environment/gnu arm embedded toolchain/10 2021.10/bin/../lib/gcc/arm-none-eabi/10.3.1/../../../../arm-none-eabi/lib/thumb/v7-m/nofp\libg.a(lib_a-mlock.o)
                0x08007aac                __malloc_unlock
 .text._Balloc  0x08007ab8       0x4c f:/environment/gnu arm embedded toolchain/10 2021.10/bin/../lib/gcc/arm-none-eabi/10.3.1/../../../../arm-none-eabi/lib/thumb/v7-m/nofp\libg.a(lib_a-mprec.o)
                0x08007ab8                _Balloc
 .text._Bfree   0x08007b04       0x14 f:/environment/gnu arm embedded toolchain/10 2021.10/bin/../lib/gcc/arm-none-eabi/10.3.1/../../../../arm-none-eabi/lib/thumb/v7-m/nofp\libg.a(lib_a-mprec.o)
                0x08007b04                _Bfree
 .text.__multadd
                0x08007b18       0xa4 f:/environment/gnu arm embedded toolchain/10 2021.10/bin/../lib/gcc/arm-none-eabi/10.3.1/../../../../arm-none-eabi/lib/thumb/v7-m/nofp\libg.a(lib_a-mprec.o)
                0x08007b18                __multadd
 .text.__hi0bits
                0x08007bbc       0x40 f:/environment/gnu arm embedded toolchain/10 2021.10/bin/../lib/gcc/arm-none-eabi/10.3.1/../../../../arm-none-eabi/lib/thumb/v7-m/nofp\libg.a(lib_a-mprec.o)
                0x08007bbc                __hi0bits
 .text.__lo0bits
                0x08007bfc       0x58 f:/environment/gnu arm embedded toolchain/10 2021.10/bin/../lib/gcc/arm-none-eabi/10.3.1/../../../../arm-none-eabi/lib/thumb/v7-m/nofp\libg.a(lib_a-mprec.o)
                0x08007bfc                __lo0bits
 .text.__i2b    0x08007c54       0x5c f:/environment/gnu arm embedded toolchain/10 2021.10/bin/../lib/gcc/arm-none-eabi/10.3.1/../../../../arm-none-eabi/lib/thumb/v7-m/nofp\libg.a(lib_a-mprec.o)
                0x08007c54                __i2b
 .text.__multiply
                0x08007cb0      0x15c f:/environment/gnu arm embedded toolchain/10 2021.10/bin/../lib/gcc/arm-none-eabi/10.3.1/../../../../arm-none-eabi/lib/thumb/v7-m/nofp\libg.a(lib_a-mprec.o)
                0x08007cb0                __multiply
 .text.__pow5mult
                0x08007e0c       0xb8 f:/environment/gnu arm embedded toolchain/10 2021.10/bin/../lib/gcc/arm-none-eabi/10.3.1/../../../../arm-none-eabi/lib/thumb/v7-m/nofp\libg.a(lib_a-mprec.o)
                0x08007e0c                __pow5mult
 .text.__lshift
                0x08007ec4       0xec f:/environment/gnu arm embedded toolchain/10 2021.10/bin/../lib/gcc/arm-none-eabi/10.3.1/../../../../arm-none-eabi/lib/thumb/v7-m/nofp\libg.a(lib_a-mprec.o)
                0x08007ec4                __lshift
 .text.__mcmp   0x08007fb0       0x40 f:/environment/gnu arm embedded toolchain/10 2021.10/bin/../lib/gcc/arm-none-eabi/10.3.1/../../../../arm-none-eabi/lib/thumb/v7-m/nofp\libg.a(lib_a-mprec.o)
                0x08007fb0                __mcmp
 .text.__mdiff  0x08007ff0      0x14c f:/environment/gnu arm embedded toolchain/10 2021.10/bin/../lib/gcc/arm-none-eabi/10.3.1/../../../../arm-none-eabi/lib/thumb/v7-m/nofp\libg.a(lib_a-mprec.o)
                0x08007ff0                __mdiff
 .text.__d2b    0x0800813c       0xc4 f:/environment/gnu arm embedded toolchain/10 2021.10/bin/../lib/gcc/arm-none-eabi/10.3.1/../../../../arm-none-eabi/lib/thumb/v7-m/nofp\libg.a(lib_a-mprec.o)
                0x0800813c                __d2b
 .text._realloc_r
                0x08008200      0x3dc f:/environment/gnu arm embedded toolchain/10 2021.10/bin/../lib/gcc/arm-none-eabi/10.3.1/../../../../arm-none-eabi/lib/thumb/v7-m/nofp\libg.a(lib_a-reallocr.o)
                0x08008200                _realloc_r
 .text.frexp    0x080085dc       0x70 f:/environment/gnu arm embedded toolchain/10 2021.10/bin/../lib/gcc/arm-none-eabi/10.3.1/../../../../arm-none-eabi/lib/thumb/v7-m/nofp\libg.a(lib_a-s_frexp.o)
                0x080085dc                frexp
 .text._sbrk_r  0x0800864c       0x24 f:/environment/gnu arm embedded toolchain/10 2021.10/bin/../lib/gcc/arm-none-eabi/10.3.1/../../../../arm-none-eabi/lib/thumb/v7-m/nofp\libg.a(lib_a-sbrkr.o)
                0x0800864c                _sbrk_r
 .text.__sread  0x08008670       0x24 f:/environment/gnu arm embedded toolchain/10 2021.10/bin/../lib/gcc/arm-none-eabi/10.3.1/../../../../arm-none-eabi/lib/thumb/v7-m/nofp\libg.a(lib_a-stdio.o)
                0x08008670                __sread
 .text.__swrite
                0x08008694       0x40 f:/environment/gnu arm embedded toolchain/10 2021.10/bin/../lib/gcc/arm-none-eabi/10.3.1/../../../../arm-none-eabi/lib/thumb/v7-m/nofp\libg.a(lib_a-stdio.o)
                0x08008694                __swrite
 .text.__sseek  0x080086d4       0x20 f:/environment/gnu arm embedded toolchain/10 2021.10/bin/../lib/gcc/arm-none-eabi/10.3.1/../../../../arm-none-eabi/lib/thumb/v7-m/nofp\libg.a(lib_a-stdio.o)
                0x080086d4                __sseek
 .text.__sclose
                0x080086f4        0x8 f:/environment/gnu arm embedded toolchain/10 2021.10/bin/../lib/gcc/arm-none-eabi/10.3.1/../../../../arm-none-eabi/lib/thumb/v7-m/nofp\libg.a(lib_a-stdio.o)
                0x080086f4                __sclose
 .text.strncpy  0x080086fc       0x68 f:/environment/gnu arm embedded toolchain/10 2021.10/bin/../lib/gcc/arm-none-eabi/10.3.1/../../../../arm-none-eabi/lib/thumb/v7-m/nofp\libg.a(lib_a-strncpy.o)
                0x080086fc                strncpy
 .text.__sprint_r.part.0
                0x08008764       0x78 f:/environment/gnu arm embedded toolchain/10 2021.10/bin/../lib/gcc/arm-none-eabi/10.3.1/../../../../arm-none-eabi/lib/thumb/v7-m/nofp\libg.a(lib_a-vfiprintf.o)
 .text.__sprint_r
                0x080087dc       0x14 f:/environment/gnu arm embedded toolchain/10 2021.10/bin/../lib/gcc/arm-none-eabi/10.3.1/../../../../arm-none-eabi/lib/thumb/v7-m/nofp\libg.a(lib_a-vfiprintf.o)
                0x080087dc                __sprint_r
 .text._vfiprintf_r
                0x080087f0      0xd98 f:/environment/gnu arm embedded toolchain/10 2021.10/bin/../lib/gcc/arm-none-eabi/10.3.1/../../../../arm-none-eabi/lib/thumb/v7-m/nofp\libg.a(lib_a-vfiprintf.o)
                0x080087f0                _vfiprintf_r
 .text.__sbprintf
                0x08009588       0x84 f:/environment/gnu arm embedded toolchain/10 2021.10/bin/../lib/gcc/arm-none-eabi/10.3.1/../../../../arm-none-eabi/lib/thumb/v7-m/nofp\libg.a(lib_a-vfiprintf.o)
 .text._write_r
                0x0800960c       0x2c f:/environment/gnu arm embedded toolchain/10 2021.10/bin/../lib/gcc/arm-none-eabi/10.3.1/../../../../arm-none-eabi/lib/thumb/v7-m/nofp\libg.a(lib_a-writer.o)
                0x0800960c                _write_r
 .text.__register_exitproc
                0x08009638       0x8c f:/environment/gnu arm embedded toolchain/10 2021.10/bin/../lib/gcc/arm-none-eabi/10.3.1/../../../../arm-none-eabi/lib/thumb/v7-m/nofp\libg.a(lib_a-__atexit.o)
                0x08009638                __register_exitproc
 .text.__assert_func
                0x080096c4       0x40 f:/environment/gnu arm embedded toolchain/10 2021.10/bin/../lib/gcc/arm-none-eabi/10.3.1/../../../../arm-none-eabi/lib/thumb/v7-m/nofp\libg.a(lib_a-assert.o)
                0x080096c4                __assert_func
 .text._calloc_r
                0x08009704       0x78 f:/environment/gnu arm embedded toolchain/10 2021.10/bin/../lib/gcc/arm-none-eabi/10.3.1/../../../../arm-none-eabi/lib/thumb/v7-m/nofp\libg.a(lib_a-callocr.o)
                0x08009704                _calloc_r
 .text._close_r
                0x0800977c       0x24 f:/environment/gnu arm embedded toolchain/10 2021.10/bin/../lib/gcc/arm-none-eabi/10.3.1/../../../../arm-none-eabi/lib/thumb/v7-m/nofp\libg.a(lib_a-closer.o)
                0x0800977c                _close_r
 .text._fclose_r
                0x080097a0       0xcc f:/environment/gnu arm embedded toolchain/10 2021.10/bin/../lib/gcc/arm-none-eabi/10.3.1/../../../../arm-none-eabi/lib/thumb/v7-m/nofp\libg.a(lib_a-fclose.o)
                0x080097a0                _fclose_r
 .text.fiprintf
                0x0800986c       0x28 f:/environment/gnu arm embedded toolchain/10 2021.10/bin/../lib/gcc/arm-none-eabi/10.3.1/../../../../arm-none-eabi/lib/thumb/v7-m/nofp\libg.a(lib_a-fiprintf.o)
                0x0800986c                fiprintf
 .text.__fputwc
                0x08009894       0xa0 f:/environment/gnu arm embedded toolchain/10 2021.10/bin/../lib/gcc/arm-none-eabi/10.3.1/../../../../arm-none-eabi/lib/thumb/v7-m/nofp\libg.a(lib_a-fputwc.o)
                0x08009894                __fputwc
 .text._fputwc_r
                0x08009934       0x68 f:/environment/gnu arm embedded toolchain/10 2021.10/bin/../lib/gcc/arm-none-eabi/10.3.1/../../../../arm-none-eabi/lib/thumb/v7-m/nofp\libg.a(lib_a-fputwc.o)
                0x08009934                _fputwc_r
 .text._fstat_r
                0x0800999c       0x28 f:/environment/gnu arm embedded toolchain/10 2021.10/bin/../lib/gcc/arm-none-eabi/10.3.1/../../../../arm-none-eabi/lib/thumb/v7-m/nofp\libg.a(lib_a-fstatr.o)
                0x0800999c                _fstat_r
 .text._isatty_r
                0x080099c4       0x24 f:/environment/gnu arm embedded toolchain/10 2021.10/bin/../lib/gcc/arm-none-eabi/10.3.1/../../../../arm-none-eabi/lib/thumb/v7-m/nofp\libg.a(lib_a-isattyr.o)
                0x080099c4                _isatty_r
 .text.__locale_mb_cur_max
                0x080099e8        0xc f:/environment/gnu arm embedded toolchain/10 2021.10/bin/../lib/gcc/arm-none-eabi/10.3.1/../../../../arm-none-eabi/lib/thumb/v7-m/nofp\libg.a(lib_a-locale.o)
                0x080099e8                __locale_mb_cur_max
 .text._lseek_r
                0x080099f4       0x2c f:/environment/gnu arm embedded toolchain/10 2021.10/bin/../lib/gcc/arm-none-eabi/10.3.1/../../../../arm-none-eabi/lib/thumb/v7-m/nofp\libg.a(lib_a-lseekr.o)
                0x080099f4                _lseek_r
 .text.__ascii_mbtowc
                0x08009a20       0x2c f:/environment/gnu arm embedded toolchain/10 2021.10/bin/../lib/gcc/arm-none-eabi/10.3.1/../../../../arm-none-eabi/lib/thumb/v7-m/nofp\libg.a(lib_a-mbtowc_r.o)
                0x08009a20                __ascii_mbtowc
 .text._read_r  0x08009a4c       0x2c f:/environment/gnu arm embedded toolchain/10 2021.10/bin/../lib/gcc/arm-none-eabi/10.3.1/../../../../arm-none-eabi/lib/thumb/v7-m/nofp\libg.a(lib_a-readr.o)
                0x08009a4c                _read_r
 .text.__swbuf_r
                0x08009a78       0xb0 f:/environment/gnu arm embedded toolchain/10 2021.10/bin/../lib/gcc/arm-none-eabi/10.3.1/../../../../arm-none-eabi/lib/thumb/v7-m/nofp\libg.a(lib_a-wbuf.o)
                0x08009a78                __swbuf_r
 .text._wcrtomb_r
                0x08009b28       0x3c f:/environment/gnu arm embedded toolchain/10 2021.10/bin/../lib/gcc/arm-none-eabi/10.3.1/../../../../arm-none-eabi/lib/thumb/v7-m/nofp\libg.a(lib_a-wcrtomb.o)
                0x08009b28                _wcrtomb_r
 .text.__ascii_wctomb
                0x08009b64       0x1c f:/environment/gnu arm embedded toolchain/10 2021.10/bin/../lib/gcc/arm-none-eabi/10.3.1/../../../../arm-none-eabi/lib/thumb/v7-m/nofp\libg.a(lib_a-wctomb_r.o)
                0x08009b64                __ascii_wctomb
 .text.abort    0x08009b80       0x10 f:/environment/gnu arm embedded toolchain/10 2021.10/bin/../lib/gcc/arm-none-eabi/10.3.1/../../../../arm-none-eabi/lib/thumb/v7-m/nofp\libg.a(lib_a-abort.o)
                0x08009b80                abort
 .text.raise    0x08009b90       0x5c f:/environment/gnu arm embedded toolchain/10 2021.10/bin/../lib/gcc/arm-none-eabi/10.3.1/../../../../arm-none-eabi/lib/thumb/v7-m/nofp\libg.a(lib_a-signal.o)
                0x08009b90                raise
 .text._kill_r  0x08009bec       0x28 f:/environment/gnu arm embedded toolchain/10 2021.10/bin/../lib/gcc/arm-none-eabi/10.3.1/../../../../arm-none-eabi/lib/thumb/v7-m/nofp\libg.a(lib_a-signalr.o)
                0x08009bec                _kill_r
 .text._getpid_r
                0x08009c14        0x4 f:/environment/gnu arm embedded toolchain/10 2021.10/bin/../lib/gcc/arm-none-eabi/10.3.1/../../../../arm-none-eabi/lib/thumb/v7-m/nofp\libg.a(lib_a-signalr.o)
                0x08009c14                _getpid_r
 *(.glue_7)
 .glue_7        0x08009c18        0x0 linker stubs
 *(.glue_7t)
 .glue_7t       0x08009c18        0x0 linker stubs
 *(.eh_frame)
 .eh_frame      0x08009c18        0x0 f:/environment/gnu arm embedded toolchain/10 2021.10/bin/../lib/gcc/arm-none-eabi/10.3.1/thumb/v7-m/nofp/crtbegin.o
 *(.init)
 .init          0x08009c18        0x4 f:/environment/gnu arm embedded toolchain/10 2021.10/bin/../lib/gcc/arm-none-eabi/10.3.1/thumb/v7-m/nofp/crti.o
                0x08009c18                _init
 .init          0x08009c1c        0x8 f:/environment/gnu arm embedded toolchain/10 2021.10/bin/../lib/gcc/arm-none-eabi/10.3.1/thumb/v7-m/nofp/crtn.o
 *(.fini)
 .fini          0x08009c24        0x4 f:/environment/gnu arm embedded toolchain/10 2021.10/bin/../lib/gcc/arm-none-eabi/10.3.1/thumb/v7-m/nofp/crti.o
                0x08009c24                _fini
 .fini          0x08009c28        0x8 f:/environment/gnu arm embedded toolchain/10 2021.10/bin/../lib/gcc/arm-none-eabi/10.3.1/thumb/v7-m/nofp/crtn.o
                0x08009c30                . = ALIGN (0x4)
                0x08009c30                _etext = .

.vfp11_veneer   0x08009c30        0x0
 .vfp11_veneer  0x08009c30        0x0 linker stubs

.v4_bx          0x08009c30        0x0
 .v4_bx         0x08009c30        0x0 linker stubs

.iplt           0x08009c30        0x0
 .iplt          0x08009c30        0x0 f:/environment/gnu arm embedded toolchain/10 2021.10/bin/../lib/gcc/arm-none-eabi/10.3.1/thumb/v7-m/nofp/crtbegin.o

.rodata         0x08009c30      0x458
                0x08009c30                . = ALIGN (0x4)
 *(.rodata)
 *(.rodata*)
 .rodata.decode.str1.4
                0x08009c30       0x19 CMakeFiles/stepping_motor.elf.dir/Core/Src/decode.c.obj
 *fill*         0x08009c49        0x3 
 .rodata.HAL_UART_RxCpltCallback.str1.4
                0x08009c4c        0xd CMakeFiles/stepping_motor.elf.dir/Core/Src/stm32f1xx_it.c.obj
 *fill*         0x08009c59        0x3 
 .rodata.AHBPrescTable
                0x08009c5c       0x10 CMakeFiles/stepping_motor.elf.dir/Core/Src/system_stm32f1xx.c.obj
                0x08009c5c                AHBPrescTable
 .rodata.APBPrescTable
                0x08009c6c        0x8 CMakeFiles/stepping_motor.elf.dir/Core/Src/system_stm32f1xx.c.obj
                0x08009c6c                APBPrescTable
 .rodata.aPLLMULFactorTable.1
                0x08009c74       0x10 CMakeFiles/stepping_motor.elf.dir/Drivers/STM32F1xx_HAL_Driver/Src/stm32f1xx_hal_rcc.c.obj
 .rodata.aPredivFactorTable.0
                0x08009c84        0x2 CMakeFiles/stepping_motor.elf.dir/Drivers/STM32F1xx_HAL_Driver/Src/stm32f1xx_hal_rcc.c.obj
 *fill*         0x08009c86        0x2 
 .rodata._global_impure_ptr
                0x08009c88        0x4 f:/environment/gnu arm embedded toolchain/10 2021.10/bin/../lib/gcc/arm-none-eabi/10.3.1/../../../../arm-none-eabi/lib/thumb/v7-m/nofp\libg.a(lib_a-impure.o)
                0x08009c88                _global_impure_ptr
 .rodata._puts_r.str1.4
                0x08009c8c        0x2 f:/environment/gnu arm embedded toolchain/10 2021.10/bin/../lib/gcc/arm-none-eabi/10.3.1/../../../../arm-none-eabi/lib/thumb/v7-m/nofp\libg.a(lib_a-puts.o)
 *fill*         0x08009c8e        0x2 
 .rodata._vfprintf_r.str1.4
                0x08009c90       0x42 f:/environment/gnu arm embedded toolchain/10 2021.10/bin/../lib/gcc/arm-none-eabi/10.3.1/../../../../arm-none-eabi/lib/thumb/v7-m/nofp\libg.a(lib_a-vfprintf.o)
 *fill*         0x08009cd2        0x2 
 .rodata.blanks.1
                0x08009cd4       0x10 f:/environment/gnu arm embedded toolchain/10 2021.10/bin/../lib/gcc/arm-none-eabi/10.3.1/../../../../arm-none-eabi/lib/thumb/v7-m/nofp\libg.a(lib_a-vfprintf.o)
 .rodata.zeroes.0
                0x08009ce4       0x10 f:/environment/gnu arm embedded toolchain/10 2021.10/bin/../lib/gcc/arm-none-eabi/10.3.1/../../../../arm-none-eabi/lib/thumb/v7-m/nofp\libg.a(lib_a-vfprintf.o)
 .rodata._dtoa_r.str1.4
                0x08009cf4       0xa2 f:/environment/gnu arm embedded toolchain/10 2021.10/bin/../lib/gcc/arm-none-eabi/10.3.1/../../../../arm-none-eabi/lib/thumb/v7-m/nofp\libg.a(lib_a-dtoa.o)
                                 0xa6 (size before relaxing)
 *fill*         0x08009d96        0x2 
 .rodata.__multadd.str1.4
                0x08009d98       0x7f f:/environment/gnu arm embedded toolchain/10 2021.10/bin/../lib/gcc/arm-none-eabi/10.3.1/../../../../arm-none-eabi/lib/thumb/v7-m/nofp\libg.a(lib_a-mprec.o)
                                 0x93 (size before relaxing)
 *fill*         0x08009e17        0x1 
 .rodata.__mprec_bigtens
                0x08009e18       0x28 f:/environment/gnu arm embedded toolchain/10 2021.10/bin/../lib/gcc/arm-none-eabi/10.3.1/../../../../arm-none-eabi/lib/thumb/v7-m/nofp\libg.a(lib_a-mprec.o)
                0x08009e18                __mprec_bigtens
 .rodata.__mprec_tens
                0x08009e40       0xc8 f:/environment/gnu arm embedded toolchain/10 2021.10/bin/../lib/gcc/arm-none-eabi/10.3.1/../../../../arm-none-eabi/lib/thumb/v7-m/nofp\libg.a(lib_a-mprec.o)
                0x08009e40                __mprec_tens
 .rodata.p05.0  0x08009f08        0xc f:/environment/gnu arm embedded toolchain/10 2021.10/bin/../lib/gcc/arm-none-eabi/10.3.1/../../../../arm-none-eabi/lib/thumb/v7-m/nofp\libg.a(lib_a-mprec.o)
 .rodata._vfiprintf_r.str1.4
                0x08009f14       0x2f f:/environment/gnu arm embedded toolchain/10 2021.10/bin/../lib/gcc/arm-none-eabi/10.3.1/../../../../arm-none-eabi/lib/thumb/v7-m/nofp\libg.a(lib_a-vfiprintf.o)
 .rodata.blanks.1
                0x08009f14       0x10 f:/environment/gnu arm embedded toolchain/10 2021.10/bin/../lib/gcc/arm-none-eabi/10.3.1/../../../../arm-none-eabi/lib/thumb/v7-m/nofp\libg.a(lib_a-vfiprintf.o)
 .rodata.zeroes.0
                0x08009f24       0x10 f:/environment/gnu arm embedded toolchain/10 2021.10/bin/../lib/gcc/arm-none-eabi/10.3.1/../../../../arm-none-eabi/lib/thumb/v7-m/nofp\libg.a(lib_a-vfiprintf.o)
 .rodata.__assert_func.str1.4
                0x08009f34       0x3f f:/environment/gnu arm embedded toolchain/10 2021.10/bin/../lib/gcc/arm-none-eabi/10.3.1/../../../../arm-none-eabi/lib/thumb/v7-m/nofp\libg.a(lib_a-assert.o)
                                 0x43 (size before relaxing)
 *fill*         0x08009f73        0x1 
 .rodata._setlocale_r.str1.4
                0x08009f74        0xa f:/environment/gnu arm embedded toolchain/10 2021.10/bin/../lib/gcc/arm-none-eabi/10.3.1/../../../../arm-none-eabi/lib/thumb/v7-m/nofp\libg.a(lib_a-locale.o)
                                  0xd (size before relaxing)
 *fill*         0x08009f7e        0x2 
 .rodata.str1.4
                0x08009f80        0x2 f:/environment/gnu arm embedded toolchain/10 2021.10/bin/../lib/gcc/arm-none-eabi/10.3.1/../../../../arm-none-eabi/lib/thumb/v7-m/nofp\libg.a(lib_a-locale.o)
 *fill*         0x08009f82        0x2 
 .rodata._ctype_
                0x08009f84      0x101 f:/environment/gnu arm embedded toolchain/10 2021.10/bin/../lib/gcc/arm-none-eabi/10.3.1/../../../../arm-none-eabi/lib/thumb/v7-m/nofp\libg.a(lib_a-ctype_.o)
                0x08009f84                _ctype_
                0x0800a088                . = ALIGN (0x4)
 *fill*         0x0800a085        0x3 

.ARM.extab      0x0800a088        0x0
                0x0800a088                . = ALIGN (0x4)
 *(.ARM.extab* .gnu.linkonce.armextab.*)
                0x0800a088                . = ALIGN (0x4)

.ARM            0x0800a088        0x8
                0x0800a088                . = ALIGN (0x4)
                0x0800a088                __exidx_start = .
 *(.ARM.exidx*)
 .ARM.exidx     0x0800a088        0x8 f:/environment/gnu arm embedded toolchain/10 2021.10/bin/../lib/gcc/arm-none-eabi/10.3.1/thumb/v7-m/nofp\libgcc.a(_udivmoddi4.o)
                0x0800a090                __exidx_end = .
                0x0800a090                . = ALIGN (0x4)

.rel.dyn        0x0800a090        0x0
 .rel.iplt      0x0800a090        0x0 f:/environment/gnu arm embedded toolchain/10 2021.10/bin/../lib/gcc/arm-none-eabi/10.3.1/thumb/v7-m/nofp/crtbegin.o

.preinit_array  0x0800a090        0x0
                0x0800a090                . = ALIGN (0x4)
                0x0800a090                PROVIDE (__preinit_array_start = .)
 *(.preinit_array*)
                0x0800a090                PROVIDE (__preinit_array_end = .)
                0x0800a090                . = ALIGN (0x4)

.init_array     0x0800a090        0x8
                0x0800a090                . = ALIGN (0x4)
                0x0800a090                PROVIDE (__init_array_start = .)
 *(SORT_BY_NAME(.init_array.*))
 .init_array.00000
                0x0800a090        0x4 f:/environment/gnu arm embedded toolchain/10 2021.10/bin/../lib/gcc/arm-none-eabi/10.3.1/../../../../arm-none-eabi/lib/thumb/v7-m/nofp\libg.a(lib_a-__call_atexit.o)
 *(.init_array*)
 .init_array    0x0800a094        0x4 f:/environment/gnu arm embedded toolchain/10 2021.10/bin/../lib/gcc/arm-none-eabi/10.3.1/thumb/v7-m/nofp/crtbegin.o
                0x0800a098                PROVIDE (__init_array_end = .)
                0x0800a098                . = ALIGN (0x4)

.fini_array     0x0800a098        0x4
                0x0800a098                . = ALIGN (0x4)
                0x0800a098                PROVIDE (__fini_array_start = .)
 *(SORT_BY_NAME(.fini_array.*))
 *(.fini_array*)
 .fini_array    0x0800a098        0x4 f:/environment/gnu arm embedded toolchain/10 2021.10/bin/../lib/gcc/arm-none-eabi/10.3.1/thumb/v7-m/nofp/crtbegin.o
                0x0800a09c                PROVIDE (__fini_array_end = .)
                0x0800a09c                . = ALIGN (0x4)
                0x0800a09c                _sidata = LOADADDR (.data)

.data           0x20000000      0x9b8 load address 0x0800a09c
                0x20000000                . = ALIGN (0x4)
                0x20000000                _sdata = .
 *(.data)
 *(.data*)
 .data.SystemCoreClock
                0x20000000        0x4 CMakeFiles/stepping_motor.elf.dir/Core/Src/system_stm32f1xx.c.obj
                0x20000000                SystemCoreClock
 .data.uwTickFreq
                0x20000004        0x1 CMakeFiles/stepping_motor.elf.dir/Drivers/STM32F1xx_HAL_Driver/Src/stm32f1xx_hal.c.obj
                0x20000004                uwTickFreq
 *fill*         0x20000005        0x3 
 .data.uwTickPrio
                0x20000008        0x4 CMakeFiles/stepping_motor.elf.dir/Drivers/STM32F1xx_HAL_Driver/Src/stm32f1xx_hal.c.obj
                0x20000008                uwTickPrio
 .data._impure_ptr
                0x2000000c        0x4 f:/environment/gnu arm embedded toolchain/10 2021.10/bin/../lib/gcc/arm-none-eabi/10.3.1/../../../../arm-none-eabi/lib/thumb/v7-m/nofp\libg.a(lib_a-impure.o)
                0x2000000c                _impure_ptr
 .data.impure_data
                0x20000010      0x428 f:/environment/gnu arm embedded toolchain/10 2021.10/bin/../lib/gcc/arm-none-eabi/10.3.1/../../../../arm-none-eabi/lib/thumb/v7-m/nofp\libg.a(lib_a-impure.o)
 .data.__atexit_recursive_mutex
                0x20000438        0x4 f:/environment/gnu arm embedded toolchain/10 2021.10/bin/../lib/gcc/arm-none-eabi/10.3.1/../../../../arm-none-eabi/lib/thumb/v7-m/nofp\libg.a(lib_a-__call_atexit.o)
                0x20000438                __atexit_recursive_mutex
 .data.__malloc_av_
                0x2000043c      0x408 f:/environment/gnu arm embedded toolchain/10 2021.10/bin/../lib/gcc/arm-none-eabi/10.3.1/../../../../arm-none-eabi/lib/thumb/v7-m/nofp\libg.a(lib_a-mallocr.o)
                0x2000043c                __malloc_av_
 .data.__malloc_sbrk_base
                0x20000844        0x4 f:/environment/gnu arm embedded toolchain/10 2021.10/bin/../lib/gcc/arm-none-eabi/10.3.1/../../../../arm-none-eabi/lib/thumb/v7-m/nofp\libg.a(lib_a-mallocr.o)
                0x20000844                __malloc_sbrk_base
 .data.__malloc_trim_threshold
                0x20000848        0x4 f:/environment/gnu arm embedded toolchain/10 2021.10/bin/../lib/gcc/arm-none-eabi/10.3.1/../../../../arm-none-eabi/lib/thumb/v7-m/nofp\libg.a(lib_a-mallocr.o)
                0x20000848                __malloc_trim_threshold
 .data.__global_locale
                0x2000084c      0x16c f:/environment/gnu arm embedded toolchain/10 2021.10/bin/../lib/gcc/arm-none-eabi/10.3.1/../../../../arm-none-eabi/lib/thumb/v7-m/nofp\libg.a(lib_a-locale.o)
                0x2000084c                __global_locale
 *(.RamFunc)
 *(.RamFunc*)
                0x200009b8                . = ALIGN (0x4)
                0x200009b8                _edata = .

.igot.plt       0x200009b8        0x0 load address 0x0800aa54
 .igot.plt      0x200009b8        0x0 f:/environment/gnu arm embedded toolchain/10 2021.10/bin/../lib/gcc/arm-none-eabi/10.3.1/thumb/v7-m/nofp/crtbegin.o
                0x200009b8                . = ALIGN (0x4)

.bss            0x200009b8      0x2cc load address 0x0800aa54
                0x200009b8                _sbss = .
                0x200009b8                __bss_start__ = _sbss
 *(.bss)
 .bss           0x200009b8       0x1c f:/environment/gnu arm embedded toolchain/10 2021.10/bin/../lib/gcc/arm-none-eabi/10.3.1/thumb/v7-m/nofp/crtbegin.o
 *(.bss*)
 .bss.data_decoded
                0x200009d4       0x10 CMakeFiles/stepping_motor.elf.dir/Core/Src/decode.c.obj
                0x200009d4                data_decoded
 .bss.world_point
                0x200009e4       0x10 CMakeFiles/stepping_motor.elf.dir/Core/Src/decode.c.obj
                0x200009e4                world_point
 .bss.gHuart    0x200009f4        0x4 CMakeFiles/stepping_motor.elf.dir/Core/Src/retarget.c.obj
                0x200009f4                gHuart
 .bss.i.0       0x200009f8        0x2 CMakeFiles/stepping_motor.elf.dir/Core/Src/stepping_motor.c.obj
 *fill*         0x200009fa        0x2 
 .bss.motor_instance
                0x200009fc      0x108 CMakeFiles/stepping_motor.elf.dir/Core/Src/stepping_motor.c.obj
                0x200009fc                motor_instance
 .bss.motor_temp
                0x20000b04        0x1 CMakeFiles/stepping_motor.elf.dir/Core/Src/stepping_motor.c.obj
                0x20000b04                motor_temp
 *fill*         0x20000b05        0x1 
 .bss.pos_      0x20000b06        0x2 CMakeFiles/stepping_motor.elf.dir/Core/Src/stepping_motor.c.obj
                0x20000b06                pos_
 .bss.ucTemp.0  0x20000b08        0xb CMakeFiles/stepping_motor.elf.dir/Core/Src/stm32f1xx_it.c.obj
 *fill*         0x20000b13        0x1 
 .bss.__sbrk_heap_end
                0x20000b14        0x4 CMakeFiles/stepping_motor.elf.dir/Core/Src/sysmem.c.obj
 .bss.htim3     0x20000b18       0x48 CMakeFiles/stepping_motor.elf.dir/Core/Src/tim.c.obj
                0x20000b18                htim3
 .bss.htim4     0x20000b60       0x48 CMakeFiles/stepping_motor.elf.dir/Core/Src/tim.c.obj
                0x20000b60                htim4
 .bss.huart2    0x20000ba8       0x48 CMakeFiles/stepping_motor.elf.dir/Core/Src/usart.c.obj
                0x20000ba8                huart2
 .bss.huart3    0x20000bf0       0x48 CMakeFiles/stepping_motor.elf.dir/Core/Src/usart.c.obj
                0x20000bf0                huart3
 .bss.uwTick    0x20000c38        0x4 CMakeFiles/stepping_motor.elf.dir/Drivers/STM32F1xx_HAL_Driver/Src/stm32f1xx_hal.c.obj
                0x20000c38                uwTick
 .bss.__lock___atexit_recursive_mutex
                0x20000c3c        0x1 f:/environment/gnu arm embedded toolchain/10 2021.10/bin/../lib/gcc/arm-none-eabi/10.3.1/../../../../arm-none-eabi/lib/thumb/v7-m/nofp\libg.a(lib_a-lock.o)
                0x20000c3c                __lock___atexit_recursive_mutex
 *fill*         0x20000c3d        0x3 
 .bss.__lock___malloc_recursive_mutex
                0x20000c40        0x1 f:/environment/gnu arm embedded toolchain/10 2021.10/bin/../lib/gcc/arm-none-eabi/10.3.1/../../../../arm-none-eabi/lib/thumb/v7-m/nofp\libg.a(lib_a-lock.o)
                0x20000c40                __lock___malloc_recursive_mutex
 *fill*         0x20000c41        0x3 
 .bss.__lock___sfp_recursive_mutex
                0x20000c44        0x1 f:/environment/gnu arm embedded toolchain/10 2021.10/bin/../lib/gcc/arm-none-eabi/10.3.1/../../../../arm-none-eabi/lib/thumb/v7-m/nofp\libg.a(lib_a-lock.o)
                0x20000c44                __lock___sfp_recursive_mutex
 *fill*         0x20000c45        0x3 
 .bss.__lock___sinit_recursive_mutex
                0x20000c48        0x1 f:/environment/gnu arm embedded toolchain/10 2021.10/bin/../lib/gcc/arm-none-eabi/10.3.1/../../../../arm-none-eabi/lib/thumb/v7-m/nofp\libg.a(lib_a-lock.o)
                0x20000c48                __lock___sinit_recursive_mutex
 *fill*         0x20000c49        0x3 
 .bss.__malloc_current_mallinfo
                0x20000c4c       0x28 f:/environment/gnu arm embedded toolchain/10 2021.10/bin/../lib/gcc/arm-none-eabi/10.3.1/../../../../arm-none-eabi/lib/thumb/v7-m/nofp\libg.a(lib_a-mallocr.o)
                0x20000c4c                __malloc_current_mallinfo
 .bss.__malloc_max_sbrked_mem
                0x20000c74        0x4 f:/environment/gnu arm embedded toolchain/10 2021.10/bin/../lib/gcc/arm-none-eabi/10.3.1/../../../../arm-none-eabi/lib/thumb/v7-m/nofp\libg.a(lib_a-mallocr.o)
                0x20000c74                __malloc_max_sbrked_mem
 .bss.__malloc_max_total_mem
                0x20000c78        0x4 f:/environment/gnu arm embedded toolchain/10 2021.10/bin/../lib/gcc/arm-none-eabi/10.3.1/../../../../arm-none-eabi/lib/thumb/v7-m/nofp\libg.a(lib_a-mallocr.o)
                0x20000c78                __malloc_max_total_mem
 .bss.__malloc_top_pad
                0x20000c7c        0x4 f:/environment/gnu arm embedded toolchain/10 2021.10/bin/../lib/gcc/arm-none-eabi/10.3.1/../../../../arm-none-eabi/lib/thumb/v7-m/nofp\libg.a(lib_a-mallocr.o)
                0x20000c7c                __malloc_top_pad
 .bss.errno     0x20000c80        0x4 f:/environment/gnu arm embedded toolchain/10 2021.10/bin/../lib/gcc/arm-none-eabi/10.3.1/../../../../arm-none-eabi/lib/thumb/v7-m/nofp\libg.a(lib_a-reent.o)
                0x20000c80                errno
 *(COMMON)
                0x20000c84                . = ALIGN (0x4)
                0x20000c84                _ebss = .
                0x20000c84                __bss_end__ = _ebss

._user_heap_stack
                0x20000c84      0x604 load address 0x0800aa54
                0x20000c88                . = ALIGN (0x8)
 *fill*         0x20000c84        0x4 
                [!provide]                PROVIDE (end = .)
                0x20000c88                PROVIDE (_end = .)
                0x20000e88                . = (. + _Min_Heap_Size)
 *fill*         0x20000c88      0x200 
                0x20001288                . = (. + _Min_Stack_Size)
 *fill*         0x20000e88      0x400 
                0x20001288                . = ALIGN (0x8)

/DISCARD/
 libc.a(*)
 libm.a(*)
 libgcc.a(*)

.ARM.attributes
                0x00000000       0x29
 *(.ARM.attributes)
 .ARM.attributes
                0x00000000       0x1d f:/environment/gnu arm embedded toolchain/10 2021.10/bin/../lib/gcc/arm-none-eabi/10.3.1/thumb/v7-m/nofp/crti.o
 .ARM.attributes
                0x0000001d       0x2d f:/environment/gnu arm embedded toolchain/10 2021.10/bin/../lib/gcc/arm-none-eabi/10.3.1/thumb/v7-m/nofp/crtbegin.o
 .ARM.attributes
                0x0000004a       0x2d CMakeFiles/stepping_motor.elf.dir/Core/Src/bsp_pid.c.obj
 .ARM.attributes
                0x00000077       0x2d CMakeFiles/stepping_motor.elf.dir/Core/Src/decode.c.obj
 .ARM.attributes
                0x000000a4       0x2d CMakeFiles/stepping_motor.elf.dir/Core/Src/gpio.c.obj
 .ARM.attributes
                0x000000d1       0x2d CMakeFiles/stepping_motor.elf.dir/Core/Src/main.c.obj
 .ARM.attributes
                0x000000fe       0x2d CMakeFiles/stepping_motor.elf.dir/Core/Src/retarget.c.obj
 .ARM.attributes
                0x0000012b       0x2d CMakeFiles/stepping_motor.elf.dir/Core/Src/s_speed_control.c.obj
 .ARM.attributes
                0x00000158       0x2d CMakeFiles/stepping_motor.elf.dir/Core/Src/stepping_motor.c.obj
 .ARM.attributes
                0x00000185       0x2d CMakeFiles/stepping_motor.elf.dir/Core/Src/stm32f1xx_hal_msp.c.obj
 .ARM.attributes
                0x000001b2       0x2d CMakeFiles/stepping_motor.elf.dir/Core/Src/stm32f1xx_it.c.obj
 .ARM.attributes
                0x000001df       0x2d CMakeFiles/stepping_motor.elf.dir/Core/Src/syscalls.c.obj
 .ARM.attributes
                0x0000020c       0x2d CMakeFiles/stepping_motor.elf.dir/Core/Src/sysmem.c.obj
 .ARM.attributes
                0x00000239       0x2d CMakeFiles/stepping_motor.elf.dir/Core/Src/system_stm32f1xx.c.obj
 .ARM.attributes
                0x00000266       0x2d CMakeFiles/stepping_motor.elf.dir/Core/Src/tim.c.obj
 .ARM.attributes
                0x00000293       0x2d CMakeFiles/stepping_motor.elf.dir/Core/Src/usart.c.obj
 .ARM.attributes
                0x000002c0       0x21 CMakeFiles/stepping_motor.elf.dir/Core/Startup/startup_stm32f103c8tx.s.obj
 .ARM.attributes
                0x000002e1       0x2d CMakeFiles/stepping_motor.elf.dir/Drivers/STM32F1xx_HAL_Driver/Src/stm32f1xx_hal.c.obj
 .ARM.attributes
                0x0000030e       0x2d CMakeFiles/stepping_motor.elf.dir/Drivers/STM32F1xx_HAL_Driver/Src/stm32f1xx_hal_cortex.c.obj
 .ARM.attributes
                0x0000033b       0x2d CMakeFiles/stepping_motor.elf.dir/Drivers/STM32F1xx_HAL_Driver/Src/stm32f1xx_hal_dma.c.obj
 .ARM.attributes
                0x00000368       0x2d CMakeFiles/stepping_motor.elf.dir/Drivers/STM32F1xx_HAL_Driver/Src/stm32f1xx_hal_gpio.c.obj
 .ARM.attributes
                0x00000395       0x2d CMakeFiles/stepping_motor.elf.dir/Drivers/STM32F1xx_HAL_Driver/Src/stm32f1xx_hal_rcc.c.obj
 .ARM.attributes
                0x000003c2       0x2d CMakeFiles/stepping_motor.elf.dir/Drivers/STM32F1xx_HAL_Driver/Src/stm32f1xx_hal_tim.c.obj
 .ARM.attributes
                0x000003ef       0x2d CMakeFiles/stepping_motor.elf.dir/Drivers/STM32F1xx_HAL_Driver/Src/stm32f1xx_hal_tim_ex.c.obj
 .ARM.attributes
                0x0000041c       0x2d CMakeFiles/stepping_motor.elf.dir/Drivers/STM32F1xx_HAL_Driver/Src/stm32f1xx_hal_uart.c.obj
 .ARM.attributes
                0x00000449       0x1d f:/environment/gnu arm embedded toolchain/10 2021.10/bin/../lib/gcc/arm-none-eabi/10.3.1/thumb/v7-m/nofp\libgcc.a(_arm_mulsf3.o)
 .ARM.attributes
                0x00000466       0x1d f:/environment/gnu arm embedded toolchain/10 2021.10/bin/../lib/gcc/arm-none-eabi/10.3.1/thumb/v7-m/nofp\libgcc.a(_arm_addsubsf3.o)
 .ARM.attributes
                0x00000483       0x1d f:/environment/gnu arm embedded toolchain/10 2021.10/bin/../lib/gcc/arm-none-eabi/10.3.1/thumb/v7-m/nofp\libgcc.a(_arm_cmpsf2.o)
 .ARM.attributes
                0x000004a0       0x1d f:/environment/gnu arm embedded toolchain/10 2021.10/bin/../lib/gcc/arm-none-eabi/10.3.1/thumb/v7-m/nofp\libgcc.a(_arm_fixunssfsi.o)
 .ARM.attributes
                0x000004bd       0x2d f:/environment/gnu arm embedded toolchain/10 2021.10/bin/../lib/gcc/arm-none-eabi/10.3.1/../../../../arm-none-eabi/lib/thumb/v7-m/nofp\libg.a(lib_a-errno.o)
 .ARM.attributes
                0x000004ea       0x2d f:/environment/gnu arm embedded toolchain/10 2021.10/bin/../lib/gcc/arm-none-eabi/10.3.1/../../../../arm-none-eabi/lib/thumb/v7-m/nofp\libg.a(lib_a-impure.o)
 .ARM.attributes
                0x00000517       0x2d f:/environment/gnu arm embedded toolchain/10 2021.10/bin/../lib/gcc/arm-none-eabi/10.3.1/../../../../arm-none-eabi/lib/thumb/v7-m/nofp\libg.a(lib_a-init.o)
 .ARM.attributes
                0x00000544       0x1b f:/environment/gnu arm embedded toolchain/10 2021.10/bin/../lib/gcc/arm-none-eabi/10.3.1/../../../../arm-none-eabi/lib/thumb/v7-m/nofp\libg.a(lib_a-memcpy.o)
 .ARM.attributes
                0x0000055f       0x2d f:/environment/gnu arm embedded toolchain/10 2021.10/bin/../lib/gcc/arm-none-eabi/10.3.1/../../../../arm-none-eabi/lib/thumb/v7-m/nofp\libg.a(lib_a-memset.o)
 .ARM.attributes
                0x0000058c       0x2d f:/environment/gnu arm embedded toolchain/10 2021.10/bin/../lib/gcc/arm-none-eabi/10.3.1/../../../../arm-none-eabi/lib/thumb/v7-m/nofp\libg.a(lib_a-printf.o)
 .ARM.attributes
                0x000005b9       0x2d f:/environment/gnu arm embedded toolchain/10 2021.10/bin/../lib/gcc/arm-none-eabi/10.3.1/../../../../arm-none-eabi/lib/thumb/v7-m/nofp\libg.a(lib_a-puts.o)
 .ARM.attributes
                0x000005e6       0x2d f:/environment/gnu arm embedded toolchain/10 2021.10/bin/../lib/gcc/arm-none-eabi/10.3.1/../../../../arm-none-eabi/lib/thumb/v7-m/nofp\libg.a(lib_a-setvbuf.o)
 .ARM.attributes
                0x00000613       0x2d f:/environment/gnu arm embedded toolchain/10 2021.10/bin/../lib/gcc/arm-none-eabi/10.3.1/../../../../arm-none-eabi/lib/thumb/v7-m/nofp\libg.a(lib_a-strlen-stub.o)
 .ARM.attributes
                0x00000640       0x2d f:/environment/gnu arm embedded toolchain/10 2021.10/bin/../lib/gcc/arm-none-eabi/10.3.1/../../../../arm-none-eabi/lib/thumb/v7-m/nofp\libg.a(lib_a-vfprintf.o)
 .ARM.attributes
                0x0000066d       0x2d f:/environment/gnu arm embedded toolchain/10 2021.10/bin/../lib/gcc/arm-none-eabi/10.3.1/../../../../arm-none-eabi/lib/thumb/v7-m/nofp\libg.a(lib_a-wsetup.o)
 .ARM.attributes
                0x0000069a       0x2d f:/environment/gnu arm embedded toolchain/10 2021.10/bin/../lib/gcc/arm-none-eabi/10.3.1/../../../../arm-none-eabi/lib/thumb/v7-m/nofp\libg.a(lib_a-__call_atexit.o)
 .ARM.attributes
                0x000006c7       0x2d f:/environment/gnu arm embedded toolchain/10 2021.10/bin/../lib/gcc/arm-none-eabi/10.3.1/../../../../arm-none-eabi/lib/thumb/v7-m/nofp\libg.a(lib_a-atexit.o)
 .ARM.attributes
                0x000006f4       0x2d f:/environment/gnu arm embedded toolchain/10 2021.10/bin/../lib/gcc/arm-none-eabi/10.3.1/../../../../arm-none-eabi/lib/thumb/v7-m/nofp\libg.a(lib_a-dtoa.o)
 .ARM.attributes
                0x00000721       0x2d f:/environment/gnu arm embedded toolchain/10 2021.10/bin/../lib/gcc/arm-none-eabi/10.3.1/../../../../arm-none-eabi/lib/thumb/v7-m/nofp\libg.a(lib_a-fflush.o)
 .ARM.attributes
                0x0000074e       0x2d f:/environment/gnu arm embedded toolchain/10 2021.10/bin/../lib/gcc/arm-none-eabi/10.3.1/../../../../arm-none-eabi/lib/thumb/v7-m/nofp\libg.a(lib_a-findfp.o)
 .ARM.attributes
                0x0000077b       0x2d f:/environment/gnu arm embedded toolchain/10 2021.10/bin/../lib/gcc/arm-none-eabi/10.3.1/../../../../arm-none-eabi/lib/thumb/v7-m/nofp\libg.a(lib_a-fini.o)
 .ARM.attributes
                0x000007a8       0x2d f:/environment/gnu arm embedded toolchain/10 2021.10/bin/../lib/gcc/arm-none-eabi/10.3.1/../../../../arm-none-eabi/lib/thumb/v7-m/nofp\libg.a(lib_a-freer.o)
 .ARM.attributes
                0x000007d5       0x2d f:/environment/gnu arm embedded toolchain/10 2021.10/bin/../lib/gcc/arm-none-eabi/10.3.1/../../../../arm-none-eabi/lib/thumb/v7-m/nofp\libg.a(lib_a-fvwrite.o)
 .ARM.attributes
                0x00000802       0x2d f:/environment/gnu arm embedded toolchain/10 2021.10/bin/../lib/gcc/arm-none-eabi/10.3.1/../../../../arm-none-eabi/lib/thumb/v7-m/nofp\libg.a(lib_a-fwalk.o)
 .ARM.attributes
                0x0000082f       0x2d f:/environment/gnu arm embedded toolchain/10 2021.10/bin/../lib/gcc/arm-none-eabi/10.3.1/../../../../arm-none-eabi/lib/thumb/v7-m/nofp\libg.a(lib_a-localeconv.o)
 .ARM.attributes
                0x0000085c       0x2d f:/environment/gnu arm embedded toolchain/10 2021.10/bin/../lib/gcc/arm-none-eabi/10.3.1/../../../../arm-none-eabi/lib/thumb/v7-m/nofp\libg.a(lib_a-lock.o)
 .ARM.attributes
                0x00000889       0x2d f:/environment/gnu arm embedded toolchain/10 2021.10/bin/../lib/gcc/arm-none-eabi/10.3.1/../../../../arm-none-eabi/lib/thumb/v7-m/nofp\libg.a(lib_a-makebuf.o)
 .ARM.attributes
                0x000008b6       0x2d f:/environment/gnu arm embedded toolchain/10 2021.10/bin/../lib/gcc/arm-none-eabi/10.3.1/../../../../arm-none-eabi/lib/thumb/v7-m/nofp\libg.a(lib_a-malloc.o)
 .ARM.attributes
                0x000008e3       0x2d f:/environment/gnu arm embedded toolchain/10 2021.10/bin/../lib/gcc/arm-none-eabi/10.3.1/../../../../arm-none-eabi/lib/thumb/v7-m/nofp\libg.a(lib_a-mallocr.o)
 .ARM.attributes
                0x00000910       0x2d f:/environment/gnu arm embedded toolchain/10 2021.10/bin/../lib/gcc/arm-none-eabi/10.3.1/../../../../arm-none-eabi/lib/thumb/v7-m/nofp\libg.a(lib_a-memchr-stub.o)
 .ARM.attributes
                0x0000093d       0x2d f:/environment/gnu arm embedded toolchain/10 2021.10/bin/../lib/gcc/arm-none-eabi/10.3.1/../../../../arm-none-eabi/lib/thumb/v7-m/nofp\libg.a(lib_a-memmove.o)
 .ARM.attributes
                0x0000096a       0x2d f:/environment/gnu arm embedded toolchain/10 2021.10/bin/../lib/gcc/arm-none-eabi/10.3.1/../../../../arm-none-eabi/lib/thumb/v7-m/nofp\libg.a(lib_a-mlock.o)
 .ARM.attributes
                0x00000997       0x2d f:/environment/gnu arm embedded toolchain/10 2021.10/bin/../lib/gcc/arm-none-eabi/10.3.1/../../../../arm-none-eabi/lib/thumb/v7-m/nofp\libg.a(lib_a-mprec.o)
 .ARM.attributes
                0x000009c4       0x2d f:/environment/gnu arm embedded toolchain/10 2021.10/bin/../lib/gcc/arm-none-eabi/10.3.1/../../../../arm-none-eabi/lib/thumb/v7-m/nofp\libg.a(lib_a-reallocr.o)
 .ARM.attributes
                0x000009f1       0x2d f:/environment/gnu arm embedded toolchain/10 2021.10/bin/../lib/gcc/arm-none-eabi/10.3.1/../../../../arm-none-eabi/lib/thumb/v7-m/nofp\libg.a(lib_a-s_frexp.o)
 .ARM.attributes
                0x00000a1e       0x2d f:/environment/gnu arm embedded toolchain/10 2021.10/bin/../lib/gcc/arm-none-eabi/10.3.1/../../../../arm-none-eabi/lib/thumb/v7-m/nofp\libg.a(lib_a-sbrkr.o)
 .ARM.attributes
                0x00000a4b       0x2d f:/environment/gnu arm embedded toolchain/10 2021.10/bin/../lib/gcc/arm-none-eabi/10.3.1/../../../../arm-none-eabi/lib/thumb/v7-m/nofp\libg.a(lib_a-stdio.o)
 .ARM.attributes
                0x00000a78       0x2d f:/environment/gnu arm embedded toolchain/10 2021.10/bin/../lib/gcc/arm-none-eabi/10.3.1/../../../../arm-none-eabi/lib/thumb/v7-m/nofp\libg.a(lib_a-strncpy.o)
 .ARM.attributes
                0x00000aa5       0x2d f:/environment/gnu arm embedded toolchain/10 2021.10/bin/../lib/gcc/arm-none-eabi/10.3.1/../../../../arm-none-eabi/lib/thumb/v7-m/nofp\libg.a(lib_a-vfiprintf.o)
 .ARM.attributes
                0x00000ad2       0x2d f:/environment/gnu arm embedded toolchain/10 2021.10/bin/../lib/gcc/arm-none-eabi/10.3.1/../../../../arm-none-eabi/lib/thumb/v7-m/nofp\libg.a(lib_a-writer.o)
 .ARM.attributes
                0x00000aff       0x2d f:/environment/gnu arm embedded toolchain/10 2021.10/bin/../lib/gcc/arm-none-eabi/10.3.1/../../../../arm-none-eabi/lib/thumb/v7-m/nofp\libg.a(lib_a-__atexit.o)
 .ARM.attributes
                0x00000b2c       0x2d f:/environment/gnu arm embedded toolchain/10 2021.10/bin/../lib/gcc/arm-none-eabi/10.3.1/../../../../arm-none-eabi/lib/thumb/v7-m/nofp\libg.a(lib_a-assert.o)
 .ARM.attributes
                0x00000b59       0x2d f:/environment/gnu arm embedded toolchain/10 2021.10/bin/../lib/gcc/arm-none-eabi/10.3.1/../../../../arm-none-eabi/lib/thumb/v7-m/nofp\libg.a(lib_a-callocr.o)
 .ARM.attributes
                0x00000b86       0x2d f:/environment/gnu arm embedded toolchain/10 2021.10/bin/../lib/gcc/arm-none-eabi/10.3.1/../../../../arm-none-eabi/lib/thumb/v7-m/nofp\libg.a(lib_a-closer.o)
 .ARM.attributes
                0x00000bb3       0x2d f:/environment/gnu arm embedded toolchain/10 2021.10/bin/../lib/gcc/arm-none-eabi/10.3.1/../../../../arm-none-eabi/lib/thumb/v7-m/nofp\libg.a(lib_a-fclose.o)
 .ARM.attributes
                0x00000be0       0x2d f:/environment/gnu arm embedded toolchain/10 2021.10/bin/../lib/gcc/arm-none-eabi/10.3.1/../../../../arm-none-eabi/lib/thumb/v7-m/nofp\libg.a(lib_a-fiprintf.o)
 .ARM.attributes
                0x00000c0d       0x2d f:/environment/gnu arm embedded toolchain/10 2021.10/bin/../lib/gcc/arm-none-eabi/10.3.1/../../../../arm-none-eabi/lib/thumb/v7-m/nofp\libg.a(lib_a-fputwc.o)
 .ARM.attributes
                0x00000c3a       0x2d f:/environment/gnu arm embedded toolchain/10 2021.10/bin/../lib/gcc/arm-none-eabi/10.3.1/../../../../arm-none-eabi/lib/thumb/v7-m/nofp\libg.a(lib_a-fstatr.o)
 .ARM.attributes
                0x00000c67       0x2d f:/environment/gnu arm embedded toolchain/10 2021.10/bin/../lib/gcc/arm-none-eabi/10.3.1/../../../../arm-none-eabi/lib/thumb/v7-m/nofp\libg.a(lib_a-isattyr.o)
 .ARM.attributes
                0x00000c94       0x2d f:/environment/gnu arm embedded toolchain/10 2021.10/bin/../lib/gcc/arm-none-eabi/10.3.1/../../../../arm-none-eabi/lib/thumb/v7-m/nofp\libg.a(lib_a-locale.o)
 .ARM.attributes
                0x00000cc1       0x2d f:/environment/gnu arm embedded toolchain/10 2021.10/bin/../lib/gcc/arm-none-eabi/10.3.1/../../../../arm-none-eabi/lib/thumb/v7-m/nofp\libg.a(lib_a-lseekr.o)
 .ARM.attributes
                0x00000cee       0x2d f:/environment/gnu arm embedded toolchain/10 2021.10/bin/../lib/gcc/arm-none-eabi/10.3.1/../../../../arm-none-eabi/lib/thumb/v7-m/nofp\libg.a(lib_a-mbtowc_r.o)
 .ARM.attributes
                0x00000d1b       0x2d f:/environment/gnu arm embedded toolchain/10 2021.10/bin/../lib/gcc/arm-none-eabi/10.3.1/../../../../arm-none-eabi/lib/thumb/v7-m/nofp\libg.a(lib_a-readr.o)
 .ARM.attributes
                0x00000d48       0x2d f:/environment/gnu arm embedded toolchain/10 2021.10/bin/../lib/gcc/arm-none-eabi/10.3.1/../../../../arm-none-eabi/lib/thumb/v7-m/nofp\libg.a(lib_a-reent.o)
 .ARM.attributes
                0x00000d75       0x2d f:/environment/gnu arm embedded toolchain/10 2021.10/bin/../lib/gcc/arm-none-eabi/10.3.1/../../../../arm-none-eabi/lib/thumb/v7-m/nofp\libg.a(lib_a-wbuf.o)
 .ARM.attributes
                0x00000da2       0x2d f:/environment/gnu arm embedded toolchain/10 2021.10/bin/../lib/gcc/arm-none-eabi/10.3.1/../../../../arm-none-eabi/lib/thumb/v7-m/nofp\libg.a(lib_a-wcrtomb.o)
 .ARM.attributes
                0x00000dcf       0x2d f:/environment/gnu arm embedded toolchain/10 2021.10/bin/../lib/gcc/arm-none-eabi/10.3.1/../../../../arm-none-eabi/lib/thumb/v7-m/nofp\libg.a(lib_a-wctomb_r.o)
 .ARM.attributes
                0x00000dfc       0x2d f:/environment/gnu arm embedded toolchain/10 2021.10/bin/../lib/gcc/arm-none-eabi/10.3.1/../../../../arm-none-eabi/lib/thumb/v7-m/nofp\libg.a(lib_a-abort.o)
 .ARM.attributes
                0x00000e29       0x2d f:/environment/gnu arm embedded toolchain/10 2021.10/bin/../lib/gcc/arm-none-eabi/10.3.1/../../../../arm-none-eabi/lib/thumb/v7-m/nofp\libg.a(lib_a-ctype_.o)
 .ARM.attributes
                0x00000e56       0x2d f:/environment/gnu arm embedded toolchain/10 2021.10/bin/../lib/gcc/arm-none-eabi/10.3.1/../../../../arm-none-eabi/lib/thumb/v7-m/nofp\libg.a(lib_a-signal.o)
 .ARM.attributes
                0x00000e83       0x2d f:/environment/gnu arm embedded toolchain/10 2021.10/bin/../lib/gcc/arm-none-eabi/10.3.1/../../../../arm-none-eabi/lib/thumb/v7-m/nofp\libg.a(lib_a-signalr.o)
 .ARM.attributes
                0x00000eb0       0x1d f:/environment/gnu arm embedded toolchain/10 2021.10/bin/../lib/gcc/arm-none-eabi/10.3.1/thumb/v7-m/nofp\libgcc.a(_arm_addsubdf3.o)
 .ARM.attributes
                0x00000ecd       0x1d f:/environment/gnu arm embedded toolchain/10 2021.10/bin/../lib/gcc/arm-none-eabi/10.3.1/thumb/v7-m/nofp\libgcc.a(_arm_muldivdf3.o)
 .ARM.attributes
                0x00000eea       0x1d f:/environment/gnu arm embedded toolchain/10 2021.10/bin/../lib/gcc/arm-none-eabi/10.3.1/thumb/v7-m/nofp\libgcc.a(_arm_cmpdf2.o)
 .ARM.attributes
                0x00000f07       0x1d f:/environment/gnu arm embedded toolchain/10 2021.10/bin/../lib/gcc/arm-none-eabi/10.3.1/thumb/v7-m/nofp\libgcc.a(_arm_unorddf2.o)
 .ARM.attributes
                0x00000f24       0x1d f:/environment/gnu arm embedded toolchain/10 2021.10/bin/../lib/gcc/arm-none-eabi/10.3.1/thumb/v7-m/nofp\libgcc.a(_arm_fixdfsi.o)
 .ARM.attributes
                0x00000f41       0x1d f:/environment/gnu arm embedded toolchain/10 2021.10/bin/../lib/gcc/arm-none-eabi/10.3.1/thumb/v7-m/nofp\libgcc.a(_aeabi_uldivmod.o)
 .ARM.attributes
                0x00000f5e       0x2d f:/environment/gnu arm embedded toolchain/10 2021.10/bin/../lib/gcc/arm-none-eabi/10.3.1/thumb/v7-m/nofp\libgcc.a(_udivmoddi4.o)
 .ARM.attributes
                0x00000f8b       0x1d f:/environment/gnu arm embedded toolchain/10 2021.10/bin/../lib/gcc/arm-none-eabi/10.3.1/thumb/v7-m/nofp\libgcc.a(_dvmd_tls.o)
 .ARM.attributes
                0x00000fa8       0x1d f:/environment/gnu arm embedded toolchain/10 2021.10/bin/../lib/gcc/arm-none-eabi/10.3.1/thumb/v7-m/nofp/crtn.o
OUTPUT(stepping_motor.elf elf32-littlearm)
LOAD linker stubs
LOAD f:/environment/gnu arm embedded toolchain/10 2021.10/bin/../lib/gcc/arm-none-eabi/10.3.1/../../../../arm-none-eabi/lib/thumb/v7-m/nofp\libc.a
LOAD f:/environment/gnu arm embedded toolchain/10 2021.10/bin/../lib/gcc/arm-none-eabi/10.3.1/../../../../arm-none-eabi/lib/thumb/v7-m/nofp\libm.a
LOAD f:/environment/gnu arm embedded toolchain/10 2021.10/bin/../lib/gcc/arm-none-eabi/10.3.1/thumb/v7-m/nofp\libgcc.a

.debug_info     0x00000000    0x13647
 .debug_info    0x00000000      0x29f CMakeFiles/stepping_motor.elf.dir/Core/Src/bsp_pid.c.obj
 .debug_info    0x0000029f      0x1a9 CMakeFiles/stepping_motor.elf.dir/Core/Src/decode.c.obj
 .debug_info    0x00000448      0x2f6 CMakeFiles/stepping_motor.elf.dir/Core/Src/gpio.c.obj
 .debug_info    0x0000073e      0xd7c CMakeFiles/stepping_motor.elf.dir/Core/Src/main.c.obj
 .debug_info    0x000014ba     0x12d5 CMakeFiles/stepping_motor.elf.dir/Core/Src/retarget.c.obj
 .debug_info    0x0000278f      0xa03 CMakeFiles/stepping_motor.elf.dir/Core/Src/s_speed_control.c.obj
 .debug_info    0x00003192      0xbcc CMakeFiles/stepping_motor.elf.dir/Core/Src/stepping_motor.c.obj
 .debug_info    0x00003d5e      0x211 CMakeFiles/stepping_motor.elf.dir/Core/Src/stm32f1xx_hal_msp.c.obj
 .debug_info    0x00003f6f      0xb0e CMakeFiles/stepping_motor.elf.dir/Core/Src/stm32f1xx_it.c.obj
 .debug_info    0x00004a7d      0x6ca CMakeFiles/stepping_motor.elf.dir/Core/Src/syscalls.c.obj
 .debug_info    0x00005147      0x174 CMakeFiles/stepping_motor.elf.dir/Core/Src/sysmem.c.obj
 .debug_info    0x000052bb      0x248 CMakeFiles/stepping_motor.elf.dir/Core/Src/system_stm32f1xx.c.obj
 .debug_info    0x00005503      0xdf6 CMakeFiles/stepping_motor.elf.dir/Core/Src/tim.c.obj
 .debug_info    0x000062f9      0xae6 CMakeFiles/stepping_motor.elf.dir/Core/Src/usart.c.obj
 .debug_info    0x00006ddf       0x22 CMakeFiles/stepping_motor.elf.dir/Core/Startup/startup_stm32f103c8tx.s.obj